Archive member included to satisfy reference by file (symbol)

C:/Users/Windows11/.pico-sdk/toolchain/14_2_Rel1/bin/../lib/gcc/arm-none-eabi/14.2.1/thumb/v6-m/nofp\libgcc.a(_dvmd_tls.o)
                              CMakeFiles/ALSongs.dir/C_/Users/Windows11/.pico-sdk/sdk/2.1.1/src/rp2_common/pico_divider/divider_hardware.S.obj (__aeabi_idiv0)
C:/Users/Windows11/.pico-sdk/toolchain/14_2_Rel1/bin/../lib/gcc/arm-none-eabi/14.2.1/thumb/v6-m/nofp\libg.a(libc_a-calloc.o)
                              CMakeFiles/ALSongs.dir/C_/Users/Windows11/.pico-sdk/sdk/2.1.1/src/rp2_common/pico_malloc/malloc.c.obj (calloc)
C:/Users/Windows11/.pico-sdk/toolchain/14_2_Rel1/bin/../lib/gcc/arm-none-eabi/14.2.1/thumb/v6-m/nofp\libg.a(libc_a-callocr.o)
                              C:/Users/Windows11/.pico-sdk/toolchain/14_2_Rel1/bin/../lib/gcc/arm-none-eabi/14.2.1/thumb/v6-m/nofp\libg.a(libc_a-calloc.o) (_calloc_r)
C:/Users/Windows11/.pico-sdk/toolchain/14_2_Rel1/bin/../lib/gcc/arm-none-eabi/14.2.1/thumb/v6-m/nofp\libg.a(libc_a-malloc.o)
                              CMakeFiles/ALSongs.dir/C_/Users/Windows11/.pico-sdk/sdk/2.1.1/src/rp2_common/pico_malloc/malloc.c.obj (malloc)
C:/Users/Windows11/.pico-sdk/toolchain/14_2_Rel1/bin/../lib/gcc/arm-none-eabi/14.2.1/thumb/v6-m/nofp\libg.a(libc_a-mallocr.o)
                              C:/Users/Windows11/.pico-sdk/toolchain/14_2_Rel1/bin/../lib/gcc/arm-none-eabi/14.2.1/thumb/v6-m/nofp\libg.a(libc_a-callocr.o) (_malloc_r)
C:/Users/Windows11/.pico-sdk/toolchain/14_2_Rel1/bin/../lib/gcc/arm-none-eabi/14.2.1/thumb/v6-m/nofp\libg.a(libc_a-mlock.o)
                              C:/Users/Windows11/.pico-sdk/toolchain/14_2_Rel1/bin/../lib/gcc/arm-none-eabi/14.2.1/thumb/v6-m/nofp\libg.a(libc_a-mallocr.o) (__malloc_lock)
C:/Users/Windows11/.pico-sdk/toolchain/14_2_Rel1/bin/../lib/gcc/arm-none-eabi/14.2.1/thumb/v6-m/nofp\libg.a(libc_a-realloc.o)
                              CMakeFiles/ALSongs.dir/C_/Users/Windows11/.pico-sdk/sdk/2.1.1/src/rp2_common/pico_malloc/malloc.c.obj (realloc)
C:/Users/Windows11/.pico-sdk/toolchain/14_2_Rel1/bin/../lib/gcc/arm-none-eabi/14.2.1/thumb/v6-m/nofp\libg.a(libc_a-reallocr.o)
                              C:/Users/Windows11/.pico-sdk/toolchain/14_2_Rel1/bin/../lib/gcc/arm-none-eabi/14.2.1/thumb/v6-m/nofp\libg.a(libc_a-realloc.o) (_realloc_r)
C:/Users/Windows11/.pico-sdk/toolchain/14_2_Rel1/bin/../lib/gcc/arm-none-eabi/14.2.1/thumb/v6-m/nofp\libg.a(libc_a-ctype_.o)
                              CMakeFiles/ALSongs.dir/inc/ssd1306_i2c.c.obj (_ctype_)
C:/Users/Windows11/.pico-sdk/toolchain/14_2_Rel1/bin/../lib/gcc/arm-none-eabi/14.2.1/thumb/v6-m/nofp\libg.a(libc_a-memcmp.o)
                              CMakeFiles/ALSongs.dir/C_/Users/Windows11/.pico-sdk/sdk/2.1.1/src/rp2_common/pico_atomic/atomic.c.obj (memcmp)
C:/Users/Windows11/.pico-sdk/toolchain/14_2_Rel1/bin/../lib/gcc/arm-none-eabi/14.2.1/thumb/v6-m/nofp\libg.a(libc_a-memmove.o)
                              C:/Users/Windows11/.pico-sdk/toolchain/14_2_Rel1/bin/../lib/gcc/arm-none-eabi/14.2.1/thumb/v6-m/nofp\libg.a(libc_a-reallocr.o) (memmove)
C:/Users/Windows11/.pico-sdk/toolchain/14_2_Rel1/bin/../lib/gcc/arm-none-eabi/14.2.1/thumb/v6-m/nofp\libg.a(libc_a-strdup.o)
                              CMakeFiles/ALSongs.dir/ALSongs.c.obj (strdup)
C:/Users/Windows11/.pico-sdk/toolchain/14_2_Rel1/bin/../lib/gcc/arm-none-eabi/14.2.1/thumb/v6-m/nofp\libg.a(libc_a-strdup_r.o)
                              C:/Users/Windows11/.pico-sdk/toolchain/14_2_Rel1/bin/../lib/gcc/arm-none-eabi/14.2.1/thumb/v6-m/nofp\libg.a(libc_a-strdup.o) (_strdup_r)
C:/Users/Windows11/.pico-sdk/toolchain/14_2_Rel1/bin/../lib/gcc/arm-none-eabi/14.2.1/thumb/v6-m/nofp\libg.a(libc_a-stpcpy.o)
                              CMakeFiles/ALSongs.dir/ALSongs.c.obj (stpcpy)
C:/Users/Windows11/.pico-sdk/toolchain/14_2_Rel1/bin/../lib/gcc/arm-none-eabi/14.2.1/thumb/v6-m/nofp\libg.a(libc_a-lcltime_r.o)
                              CMakeFiles/ALSongs.dir/C_/Users/Windows11/.pico-sdk/sdk/2.1.1/src/common/pico_util/datetime.c.obj (localtime_r)
C:/Users/Windows11/.pico-sdk/toolchain/14_2_Rel1/bin/../lib/gcc/arm-none-eabi/14.2.1/thumb/v6-m/nofp\libg.a(libc_a-mktime.o)
                              CMakeFiles/ALSongs.dir/C_/Users/Windows11/.pico-sdk/sdk/2.1.1/src/common/pico_util/datetime.c.obj (mktime)
C:/Users/Windows11/.pico-sdk/toolchain/14_2_Rel1/bin/../lib/gcc/arm-none-eabi/14.2.1/thumb/v6-m/nofp\libg.a(libc_a-month_lengths.o)
                              C:/Users/Windows11/.pico-sdk/toolchain/14_2_Rel1/bin/../lib/gcc/arm-none-eabi/14.2.1/thumb/v6-m/nofp\libg.a(libc_a-lcltime_r.o) (__month_lengths)
C:/Users/Windows11/.pico-sdk/toolchain/14_2_Rel1/bin/../lib/gcc/arm-none-eabi/14.2.1/thumb/v6-m/nofp\libg.a(libc_a-tzcalc_limits.o)
                              C:/Users/Windows11/.pico-sdk/toolchain/14_2_Rel1/bin/../lib/gcc/arm-none-eabi/14.2.1/thumb/v6-m/nofp\libg.a(libc_a-lcltime_r.o) (__tzcalc_limits)
[...]
Memory Configuration

Name             Origin             Length             Attributes
FLASH            0x10000000         0x00200000         xr
RAM              0x20000000         0x00040000         xrw
SCRATCH_X        0x20040000         0x00001000         xrw
SCRATCH_Y        0x20041000         0x00001000         xrw
*default*        0x00000000         0xffffffff

Linker script and memory map

LOAD C:/Users/Windows11/.pico-sdk/toolchain/14_2_Rel1/bin/../lib/gcc/arm-none-eabi/14.2.1/thumb/v6-m/nofp/crti.o
LOAD C:/Users/Windows11/.pico-sdk/toolchain/14_2_Rel1/bin/../lib/gcc/arm-none-eabi/14.2.1/thumb/v6-m/nofp/crtbegin.o
LOAD C:/Users/Windows11/.pico-sdk/toolchain/14_2_Rel1/bin/../lib/gcc/arm-none-eabi/14.2.1/thumb/v6-m/nofp/crt0.o

.flash_begin    0x10000000        0x0
                0x10000000                        __flash_binary_start = .

.boot2          0x10000000      0x100
                0x10000000                        __boot2_start__ = .
 *(.boot2)
 .boot2         0x10000000      0x100 pico-sdk/src/rp2040/boot_stage2/CMakeFiles/bs2_default_library.dir/./bs2_default_padded_checksummed.S.obj
                0x10000100                        __boot2_end__ = .
                0x00000001                        ASSERT (((__boot2_end__ - __boot2_start__) == 0x100), ERROR: Pico second stage bootloader must be 256 bytes in size)

.text           0x10000100     0x3b68
                0x10000100                        __logical_binary_start = .
 *(.vectors)
 .vectors       0x10000100       0xd4 CMakeFiles/ALSongs.dir/C_/Users/Windows11/.pico-sdk/sdk/2.1.1/src/rp2_common/pico_crt0/crt0.S.obj
                0x10000100                __VECTOR_TABLE
                0x10000100                __vectors
                0x100001c0                isr_invalid
                0x100001c0                __default_isrs_start
                0x100001c2                isr_nmi
                0x100001c4                isr_hardfault
                0x100001c6                isr_svcall
                0x100001c8                isr_pendsv
                0x100001ca                isr_systick
                0x100001cc                isr_irq23
                0x100001cc                isr_irq18
                0x100001cc                isr_irq11
                0x100001cc                isr_irq28
                0x100001cc                isr_irq19
                0x100001cc                isr_irq0
                0x100001cc                isr_irq6
                0x100001cc                isr_irq5
                0x100001cc                isr_irq12
                0x100001cc                isr_irq22
                0x100001cc                isr_irq31
                0x100001cc                isr_irq17
                0x100001cc                isr_irq27
                0x100001cc                isr_irq30
                0x100001cc                isr_irq2
                0x100001cc                isr_irq10
                0x100001cc                isr_irq8
                0x100001cc                isr_irq24
                0x100001cc                isr_irq1
                0x100001cc                isr_irq7
                0x100001cc                isr_irq21
                0x100001cc                isr_irq20
                0x100001cc                isr_irq15
                0x100001cc                isr_irq25
                0x100001cc                isr_irq13
                0x100001cc                __unhandled_user_irq
                0x100001cc                isr_irq4
                0x100001cc                isr_irq16
                0x100001cc                isr_irq29
                0x100001cc                isr_irq26
                0x100001cc                __default_isrs_end
                0x100001cc                isr_irq3
                0x100001cc                isr_irq14
                0x100001cc                isr_irq9
                0x100001d2                unhandled_user_irq_num_in_r0
 *(.binary_info_header)
 .binary_info_header
                0x100001d4       0x14 CMakeFiles/ALSongs.dir/C_/Users/Windows11/.pico-sdk/sdk/2.1.1/src/rp2_common/pico_crt0/crt0.S.obj
                0x100001e8                        __binary_info_header_end = .
 *(.embedded_block)
                0x100001e8                        __embedded_block_end = .
 *(.reset)
 .reset         0x100001e8       0x9c CMakeFiles/ALSongs.dir/C_/Users/Windows11/.pico-sdk/sdk/2.1.1/src/rp2_common/pico_crt0/crt0.S.obj
                0x100001e8                _entry_point
 *(.init)
 .init          0x10000284        0x4 C:/Users/Windows11/.pico-sdk/toolchain/14_2_Rel1/bin/../lib/gcc/arm-none-eabi/14.2.1/thumb/v6-m/nofp/crti.o
                0x10000284                _init
 *(EXCLUDE_FILE(*libm.a: *libc.a:*lib_a-mem*.o *libgcc.a:) .text*)
 .text.register_tm_clones
                0x10000288       0x28 C:/Users/Windows11/.pico-sdk/toolchain/14_2_Rel1/bin/../lib/gcc/arm-none-eabi/14.2.1/thumb/v6-m/nofp/crtbegin.o
 .text.frame_dummy
                0x100002b0       0x24 C:/Users/Windows11/.pico-sdk/toolchain/14_2_Rel1/bin/../lib/gcc/arm-none-eabi/14.2.1/thumb/v6-m/nofp/crtbegin.o
 .text.buzzer_callback
                0x100002d4       0x74 CMakeFiles/ALSongs.dir/ALSongs.c.obj
                0x100002d4                buzzer_callback
 .text.adc_gpio_init
                0x10000348       0x20 CMakeFiles/ALSongs.dir/ALSongs.c.obj
 .text.ws2818b_program_init
                0x10000368       0xdc CMakeFiles/ALSongs.dir/ALSongs.c.obj
                0x10000368                ws2818b_program_init
 .text.npInit   0x10000444       0x80 CMakeFiles/ALSongs.dir/ALSongs.c.obj
                0x10000444                npInit
 .text.npWrite  0x100004c4       0x50 CMakeFiles/ALSongs.dir/ALSongs.c.obj
                0x100004c4                npWrite
 .text.musica2display
                0x10000514       0xa4 CMakeFiles/ALSongs.dir/ALSongs.c.obj
                0x10000514                musica2display
 .text.startup.main
                0x100005b8      0xc30 CMakeFiles/ALSongs.dir/ALSongs.c.obj
                0x100005b8                main
 .text.calculate_render_area_buffer_length
                0x100011e8       0x18 CMakeFiles/ALSongs.dir/inc/ssd1306_i2c.c.obj
                0x100011e8                calculate_render_area_buffer_length
 .text.ssd1306_init
                0x10001200       0x58 CMakeFiles/ALSongs.dir/inc/ssd1306_i2c.c.obj
                0x10001200                ssd1306_init
 .text.render_on_display
                0x10001258       0x98 CMakeFiles/ALSongs.dir/inc/ssd1306_i2c.c.obj
                0x10001258                render_on_display
 .text.ssd1306_draw_string
                0x100012f0      0x120 CMakeFiles/ALSongs.dir/inc/ssd1306_i2c.c.obj
                0x100012f0                ssd1306_draw_string
 .text.gpio_set_function
                0x10001410       0x34 CMakeFiles/ALSongs.dir/C_/Users/Windows11/.pico-sdk/sdk/2.1.1/src/rp2_common/hardware_gpio/gpio.c.obj
                0x10001410                gpio_set_function
 .text.gpio_set_pulls
                0x10001444       0x28 CMakeFiles/ALSongs.dir/C_/Users/Windows11/.pico-sdk/sdk/2.1.1/src/rp2_common/hardware_gpio/gpio.c.obj
                0x10001444                gpio_set_pulls
 .text.gpio_set_input_enabled
                0x1000146c       0x28 CMakeFiles/ALSongs.dir/C_/Users/Windows11/.pico-sdk/sdk/2.1.1/src/rp2_common/hardware_gpio/gpio.c.obj
                0x1000146c                gpio_set_input_enabled
 .text.gpio_init
                0x10001494       0x40 CMakeFiles/ALSongs.dir/C_/Users/Windows11/.pico-sdk/sdk/2.1.1/src/rp2_common/hardware_gpio/gpio.c.obj
                0x10001494                gpio_init
 .text.panic    0x100014d4       0x30 CMakeFiles/ALSongs.dir/C_/Users/Windows11/.pico-sdk/sdk/2.1.1/src/rp2_common/pico_platform_panic/panic.c.obj
                0x100014d4                panic
 .text.hw_claim_lock
                0x10001504       0x18 CMakeFiles/ALSongs.dir/C_/Users/Windows11/.pico-sdk/sdk/2.1.1/src/common/hardware_claim/claim.c.obj
                0x10001504                hw_claim_lock
 .text.hw_claim_unlock
                0x1000151c       0x14 CMakeFiles/ALSongs.dir/C_/Users/Windows11/.pico-sdk/sdk/2.1.1/src/common/hardware_claim/claim.c.obj
                0x1000151c                hw_claim_unlock
 .text.hw_claim_or_assert
                0x10001530       0x44 CMakeFiles/ALSongs.dir/C_/Users/Windows11/.pico-sdk/sdk/2.1.1/src/common/hardware_claim/claim.c.obj
                0x10001530                hw_claim_or_assert
 .text.hw_claim_unused_from_range
                0x10001574       0x88 CMakeFiles/ALSongs.dir/C_/Users/Windows11/.pico-sdk/sdk/2.1.1/src/common/hardware_claim/claim.c.obj
                0x10001574                hw_claim_unused_from_range
 .text.next_striped_spin_lock_num
                0x100015fc       0x18 CMakeFiles/ALSongs.dir/C_/Users/Windows11/.pico-sdk/sdk/2.1.1/src/rp2_common/hardware_sync/sync.c.obj
                0x100015fc                next_striped_spin_lock_num
 .text.spin_locks_reset
                0x10001614       0x1c CMakeFiles/ALSongs.dir/C_/Users/Windows11/.pico-sdk/sdk/2.1.1/src/rp2_common/hardware_sync_spin_lock/sync_spin_lock.c.obj
                0x10001614                spin_locks_reset
 .text.runtime_init_per_core_irq_priorities
                0x10001630       0x24 CMakeFiles/ALSongs.dir/C_/Users/Windows11/.pico-sdk/sdk/2.1.1/src/rp2_common/hardware_irq/irq.c.obj
                0x10001630                runtime_init_per_core_irq_priorities
 .text.irq_set_enabled
                0x10001654       0x24 CMakeFiles/ALSongs.dir/C_/Users/Windows11/.pico-sdk/sdk/2.1.1/src/rp2_common/hardware_irq/irq.c.obj
                0x10001654                irq_set_enabled
 .text.irq_set_exclusive_handler
                0x10001678       0x54 CMakeFiles/ALSongs.dir/C_/Users/Windows11/.pico-sdk/sdk/2.1.1/src/rp2_common/hardware_irq/irq.c.obj
                0x10001678                irq_set_exclusive_handler
 .text.lock_init
                0x100016cc       0x10 CMakeFiles/ALSongs.dir/C_/Users/Windows11/.pico-sdk/sdk/2.1.1/src/common/pico_sync/lock_core.c.obj
                0x100016cc                lock_init
 .text.runtime_init_mutex
                0x100016dc       0x50 CMakeFiles/ALSongs.dir/C_/Users/Windows11/.pico-sdk/sdk/2.1.1/src/common/pico_sync/mutex.c.obj
                0x100016dc                runtime_init_mutex
 .text.sleep_until_callback
                0x1000172c       0x30 CMakeFiles/ALSongs.dir/C_/Users/Windows11/.pico-sdk/sdk/2.1.1/src/common/pico_time/time.c.obj
 .text.alarm_pool_irq_handler
                0x1000175c      0x300 CMakeFiles/ALSongs.dir/C_/Users/Windows11/.pico-sdk/sdk/2.1.1/src/common/pico_time/time.c.obj
 .text.runtime_init_default_alarm_pool
                0x10001a5c       0xdc CMakeFiles/ALSongs.dir/C_/Users/Windows11/.pico-sdk/sdk/2.1.1/src/common/pico_time/time.c.obj
                0x10001a5c                runtime_init_default_alarm_pool
 .text.alarm_pool_get_default
                0x10001b38        0x8 CMakeFiles/ALSongs.dir/C_/Users/Windows11/.pico-sdk/sdk/2.1.1/src/common/pico_time/time.c.obj
                0x10001b38                alarm_pool_get_default
 .text.alarm_pool_add_alarm_at
                0x10001b40       0xd0 CMakeFiles/ALSongs.dir/C_/Users/Windows11/.pico-sdk/sdk/2.1.1/src/common/pico_time/time.c.obj
                0x10001b40                alarm_pool_add_alarm_at
 .text.alarm_pool_add_alarm_at_force_in_context
                0x10001c10       0xb0 CMakeFiles/ALSongs.dir/C_/Users/Windows11/.pico-sdk/sdk/2.1.1/src/common/pico_time/time.c.obj
                0x10001c10                alarm_pool_add_alarm_at_force_in_context
 .text.alarm_pool_cancel_alarm
                0x10001cc0       0x74 CMakeFiles/ALSongs.dir/C_/Users/Windows11/.pico-sdk/sdk/2.1.1/src/common/pico_time/time.c.obj
                0x10001cc0                alarm_pool_cancel_alarm
 .text.sleep_us
                0x10001d34       0xec CMakeFiles/ALSongs.dir/C_/Users/Windows11/.pico-sdk/sdk/2.1.1/src/common/pico_time/time.c.obj
                0x10001d34                sleep_us
 .text.sleep_ms
                0x10001e20       0xfc CMakeFiles/ALSongs.dir/C_/Users/Windows11/.pico-sdk/sdk/2.1.1/src/common/pico_time/time.c.obj
                0x10001e20                sleep_ms
 .text.best_effort_wfe_or_timeout
                0x10001f1c      0x10c CMakeFiles/ALSongs.dir/C_/Users/Windows11/.pico-sdk/sdk/2.1.1/src/common/pico_time/time.c.obj
                0x10001f1c                best_effort_wfe_or_timeout
 .text.timer_hardware_alarm_claim
                0x10002028       0x14 CMakeFiles/ALSongs.dir/C_/Users/Windows11/.pico-sdk/sdk/2.1.1/src/rp2_common/hardware_timer/timer.c.obj
                0x10002028                timer_hardware_alarm_claim
 .text.timer_time_us_64
                0x1000203c       0x10 CMakeFiles/ALSongs.dir/C_/Users/Windows11/.pico-sdk/sdk/2.1.1/src/rp2_common/hardware_timer/timer.c.obj
                0x1000203c                timer_time_us_64
 .text.time_us_64
                0x1000204c       0x14 CMakeFiles/ALSongs.dir/C_/Users/Windows11/.pico-sdk/sdk/2.1.1/src/rp2_common/hardware_timer/timer.c.obj
                0x1000204c                time_us_64
 .text.busy_wait_until
                0x10002060       0x20 CMakeFiles/ALSongs.dir/C_/Users/Windows11/.pico-sdk/sdk/2.1.1/src/rp2_common/hardware_timer/timer.c.obj
                0x10002060                busy_wait_until
 .text.clock_configure_int_divider
                0x10002080       0xf4 CMakeFiles/ALSongs.dir/C_/Users/Windows11/.pico-sdk/sdk/2.1.1/src/rp2_common/hardware_clocks/clocks.c.obj
                0x10002080                clock_configure_int_divider
 .text.clock_configure_undivided
                0x10002174       0xe8 CMakeFiles/ALSongs.dir/C_/Users/Windows11/.pico-sdk/sdk/2.1.1/src/rp2_common/hardware_clocks/clocks.c.obj
                0x10002174                clock_configure_undivided
 .text.clock_get_hz
                0x1000225c        0xc CMakeFiles/ALSongs.dir/C_/Users/Windows11/.pico-sdk/sdk/2.1.1/src/rp2_common/hardware_clocks/clocks.c.obj
                0x1000225c                clock_get_hz
 .text.pll_init
                0x10002268       0xa4 CMakeFiles/ALSongs.dir/C_/Users/Windows11/.pico-sdk/sdk/2.1.1/src/rp2_common/hardware_pll/pll.c.obj
                0x10002268                pll_init
 .text.tick_start
                0x1000230c       0x10 CMakeFiles/ALSongs.dir/C_/Users/Windows11/.pico-sdk/sdk/2.1.1/src/rp2_common/hardware_ticks/ticks.c.obj
                0x1000230c                tick_start
 .text.rom_func_lookup
                0x1000231c       0x10 CMakeFiles/ALSongs.dir/C_/Users/Windows11/.pico-sdk/sdk/2.1.1/src/rp2_common/pico_bootrom/bootrom.c.obj
                0x1000231c                rom_func_lookup
 .text.rom_data_lookup
                0x1000232c       0x10 CMakeFiles/ALSongs.dir/C_/Users/Windows11/.pico-sdk/sdk/2.1.1/src/rp2_common/pico_bootrom/bootrom.c.obj
                0x1000232c                rom_data_lookup
 .text.rom_funcs_lookup
                0x1000233c       0x44 CMakeFiles/ALSongs.dir/C_/Users/Windows11/.pico-sdk/sdk/2.1.1/src/rp2_common/pico_bootrom/bootrom.c.obj
                0x1000233c                rom_funcs_lookup
 .text.xosc_init
                0x10002380       0x28 CMakeFiles/ALSongs.dir/C_/Users/Windows11/.pico-sdk/sdk/2.1.1/src/rp2_common/hardware_xosc/xosc.c.obj
                0x10002380                xosc_init
 .text.first_per_core_initializer
                0x100023a8        0x4 CMakeFiles/ALSongs.dir/C_/Users/Windows11/.pico-sdk/sdk/2.1.1/src/rp2_common/pico_runtime/runtime.c.obj
 .text.hard_assertion_failure
                0x100023ac        0xc CMakeFiles/ALSongs.dir/C_/Users/Windows11/.pico-sdk/sdk/2.1.1/src/rp2_common/pico_runtime/runtime.c.obj
                0x100023ac                hard_assertion_failure
 .text.runtime_run_initializers
                0x100023b8       0x28 CMakeFiles/ALSongs.dir/C_/Users/Windows11/.pico-sdk/sdk/2.1.1/src/rp2_common/pico_runtime/runtime.c.obj
                0x100023b8                runtime_run_initializers
 .text.runtime_init_early_resets
                0x100023e0       0x2c CMakeFiles/ALSongs.dir/C_/Users/Windows11/.pico-sdk/sdk/2.1.1/src/rp2_common/pico_runtime_init/runtime_init.c.obj
                0x100023e0                runtime_init_early_resets
 .text.runtime_init_usb_power_down
                0x1000240c       0x1c CMakeFiles/ALSongs.dir/C_/Users/Windows11/.pico-sdk/sdk/2.1.1/src/rp2_common/pico_runtime_init/runtime_init.c.obj
                0x1000240c                runtime_init_usb_power_down
 .text.runtime_init_post_clock_resets
                0x10002428       0x20 CMakeFiles/ALSongs.dir/C_/Users/Windows11/.pico-sdk/sdk/2.1.1/src/rp2_common/pico_runtime_init/runtime_init.c.obj
                0x10002428                runtime_init_post_clock_resets
 .text.runtime_init_rp2040_gpio_ie_disable
                0x10002448       0x14 CMakeFiles/ALSongs.dir/C_/Users/Windows11/.pico-sdk/sdk/2.1.1/src/rp2_common/pico_runtime_init/runtime_init.c.obj
                0x10002448                runtime_init_rp2040_gpio_ie_disable
 .text.runtime_init_spin_locks_reset
                0x1000245c        0x8 CMakeFiles/ALSongs.dir/C_/Users/Windows11/.pico-sdk/sdk/2.1.1/src/rp2_common/pico_runtime_init/runtime_init.c.obj
                0x1000245c                runtime_init_spin_locks_reset
 .text.runtime_init_install_ram_vector_table
                0x10002464       0x1c CMakeFiles/ALSongs.dir/C_/Users/Windows11/.pico-sdk/sdk/2.1.1/src/rp2_common/pico_runtime_init/runtime_init.c.obj
                0x10002464                runtime_init_install_ram_vector_table
 .text.runtime_init_clocks
                0x10002480       0xd8 CMakeFiles/ALSongs.dir/C_/Users/Windows11/.pico-sdk/sdk/2.1.1/src/rp2_common/pico_runtime_init/runtime_init_clocks.c.obj
                0x10002480                runtime_init_clocks
 .text          0x10002558       0x10 CMakeFiles/ALSongs.dir/C_/Users/Windows11/.pico-sdk/sdk/2.1.1/src/rp2_common/pico_bit_ops/bit_ops_aeabi.S.obj
 .text.__wrap___aeabi_uidiv
                0x10002568       0x4c CMakeFiles/ALSongs.dir/C_/Users/Windows11/.pico-sdk/sdk/2.1.1/src/rp2_common/pico_divider/divider_hardware.S.obj
                0x10002568                __wrap___aeabi_uidiv
                0x10002568                __wrap___aeabi_uidivmod
                0x10002568                div_u32u32
                0x10002568                divmod_u32u32
                0x10002570                divmod_u32u32_unsafe
                0x10002598                divmod_u32u32_savestate
 .text.__wrap___aeabi_darithmetic
                0x100025b4       0x60 CMakeFiles/ALSongs.dir/C_/Users/Windows11/.pico-sdk/sdk/2.1.1/src/rp2_common/pico_double/double_aeabi_rp2040.S.obj
                0x100025b4                __wrap___aeabi_drsub
                0x100025ba                __wrap___aeabi_dsub
                0x100025c4                __wrap___aeabi_dadd
                0x100025ce                __wrap___aeabi_ddiv
                0x10002602                __wrap___aeabi_dmul
 .text.__wrap___aeabi_d2f
                0x10002614       0x10 CMakeFiles/ALSongs.dir/C_/Users/Windows11/.pico-sdk/sdk/2.1.1/src/rp2_common/pico_double/double_aeabi_rp2040.S.obj
                0x10002614                __wrap___aeabi_d2f
 .text.missing_double_func_shim
                0x10002624        0xc CMakeFiles/ALSongs.dir/C_/Users/Windows11/.pico-sdk/sdk/2.1.1/src/rp2_common/pico_double/double_init_rom_rp2040.c.obj
 .text.__aeabi_double_init
                0x10002630       0xa0 CMakeFiles/ALSongs.dir/C_/Users/Windows11/.pico-sdk/sdk/2.1.1/src/rp2_common/pico_double/double_init_rom_rp2040.c.obj
                0x10002630                __aeabi_double_init
 .text.double_table_shim_on_use_helper
                0x100026d0       0x2c CMakeFiles/ALSongs.dir/C_/Users/Windows11/.pico-sdk/sdk/2.1.1/src/rp2_common/pico_double/double_v1_rom_shim_rp2040.S.obj
                0x100026d0                double_table_shim_on_use_helper
 .text.__aeabi_lmul
                0x100026fc       0x32 CMakeFiles/ALSongs.dir/C_/Users/Windows11/.pico-sdk/sdk/2.1.1/src/rp2_common/pico_int64_ops/pico_int64_ops_aeabi.S.obj
                0x100026fc                __wrap___aeabi_lmul
 *fill*         0x1000272e        0x2 
 .text.__wrap___aeabi_farithmetic
                0x10002730       0x48 CMakeFiles/ALSongs.dir/C_/Users/Windows11/.pico-sdk/sdk/2.1.1/src/rp2_common/pico_float/float_aeabi_rp2040.S.obj
                0x10002730                __wrap___aeabi_frsub
                0x10002736                __wrap___aeabi_fsub
                0x1000273c                __wrap___aeabi_fadd
                0x10002742                __wrap___aeabi_fdiv
                0x1000276a                __wrap___aeabi_fmul
 .text.__wrap___aeabi_cfcmple
                0x10002778       0x50 CMakeFiles/ALSongs.dir/C_/Users/Windows11/.pico-sdk/sdk/2.1.1/src/rp2_common/pico_float/float_aeabi_rp2040.S.obj
                0x10002778                __wrap___aeabi_cfrcmple
                0x10002784                __wrap___aeabi_cfcmple
                0x10002784                __wrap___aeabi_cfcmpeq
 .text.__wrap___aeabi_fcmpeq
                0x100027c8       0x10 CMakeFiles/ALSongs.dir/C_/Users/Windows11/.pico-sdk/sdk/2.1.1/src/rp2_common/pico_float/float_aeabi_rp2040.S.obj
                0x100027c8                __wrap___aeabi_fcmpeq
 .text.__wrap___aeabi_fcmple
                0x100027d8       0x10 CMakeFiles/ALSongs.dir/C_/Users/Windows11/.pico-sdk/sdk/2.1.1/src/rp2_common/pico_float/float_aeabi_rp2040.S.obj
                0x100027d8                __wrap___aeabi_fcmple
 .text.__wrap___aeabi_fcmpgt
                0x100027e8        0xa CMakeFiles/ALSongs.dir/C_/Users/Windows11/.pico-sdk/sdk/2.1.1/src/rp2_common/pico_float/float_aeabi_rp2040.S.obj
                0x100027e8                __wrap___aeabi_fcmpgt
 .text.__wrap___aeabi_ui2f
                0x100027f2        0xa CMakeFiles/ALSongs.dir/C_/Users/Windows11/.pico-sdk/sdk/2.1.1/src/rp2_common/pico_float/float_aeabi_rp2040.S.obj
                0x100027f2                __wrap___aeabi_ui2f
                0x100027f2                uint2float
 .text.__wrap___aeabi_i2f
                0x100027fc       0x44 CMakeFiles/ALSongs.dir/C_/Users/Windows11/.pico-sdk/sdk/2.1.1/src/rp2_common/pico_float/float_aeabi_rp2040.S.obj
                0x100027fc                __wrap___aeabi_i2f
                0x100027fc                int2float
 .text.__wrap___aeabi_f2iz
                0x10002840       0x4e CMakeFiles/ALSongs.dir/C_/Users/Windows11/.pico-sdk/sdk/2.1.1/src/rp2_common/pico_float/float_aeabi_rp2040.S.obj
                0x10002840                float2int_z
                0x10002840                __wrap___aeabi_f2iz
 *fill*         0x1000288e        0x2 
 .text.float2int
                0x10002890        0xc CMakeFiles/ALSongs.dir/C_/Users/Windows11/.pico-sdk/sdk/2.1.1/src/rp2_common/pico_float/float_aeabi_rp2040.S.obj
                0x10002890                float2int
 .text.__wrap___aeabi_f2uiz
                0x1000289c        0xc CMakeFiles/ALSongs.dir/C_/Users/Windows11/.pico-sdk/sdk/2.1.1/src/rp2_common/pico_float/float_aeabi_rp2040.S.obj
                0x1000289c                float2uint_z
                0x1000289c                __wrap___aeabi_f2uiz
                0x1000289c                float2uint
 .text.__wrap___aeabi_f2d
                0x100028a8        0xc CMakeFiles/ALSongs.dir/C_/Users/Windows11/.pico-sdk/sdk/2.1.1/src/rp2_common/pico_float/float_aeabi_rp2040.S.obj
                0x100028a8                __wrap___aeabi_f2d
 .text.missing_float_func_shim
                0x100028b4        0xc CMakeFiles/ALSongs.dir/C_/Users/Windows11/.pico-sdk/sdk/2.1.1/src/rp2_common/pico_float/float_init_rom_rp2040.c.obj
 .text.__aeabi_float_init
                0x100028c0       0x5c CMakeFiles/ALSongs.dir/C_/Users/Windows11/.pico-sdk/sdk/2.1.1/src/rp2_common/pico_float/float_init_rom_rp2040.c.obj
                0x100028c0                __aeabi_float_init
 .text.__wrap_malloc
                0x1000291c       0x24 CMakeFiles/ALSongs.dir/C_/Users/Windows11/.pico-sdk/sdk/2.1.1/src/rp2_common/pico_malloc/malloc.c.obj
                0x1000291c                __wrap_malloc
 .text.__wrap_free
                0x10002940        0x8 CMakeFiles/ALSongs.dir/C_/Users/Windows11/.pico-sdk/sdk/2.1.1/src/rp2_common/pico_malloc/malloc.c.obj
                0x10002940                __wrap_free
 .text          0x10002948       0x10 CMakeFiles/ALSongs.dir/C_/Users/Windows11/.pico-sdk/sdk/2.1.1/src/rp2_common/pico_mem_ops/mem_ops_aeabi.S.obj
                0x10002948                __aeabi_mem_init
 .text.memset   0x10002958        0xc CMakeFiles/ALSongs.dir/C_/Users/Windows11/.pico-sdk/sdk/2.1.1/src/rp2_common/pico_mem_ops/mem_ops_aeabi.S.obj
                0x10002958                __wrap_memset
 .text.memcpy   0x10002964        0xc CMakeFiles/ALSongs.dir/C_/Users/Windows11/.pico-sdk/sdk/2.1.1/src/rp2_common/pico_mem_ops/mem_ops_aeabi.S.obj
                0x10002964                __wrap_memcpy
                0x10002964                __wrap___aeabi_memcpy
 .text._out_char
                0x10002970       0x10 CMakeFiles/ALSongs.dir/C_/Users/Windows11/.pico-sdk/sdk/2.1.1/src/rp2_common/pico_printf/printf.c.obj
 .text.weak_raw_vprintf
                0x10002980       0x30 CMakeFiles/ALSongs.dir/C_/Users/Windows11/.pico-sdk/sdk/2.1.1/src/rp2_common/pico_printf/printf.c.obj
                0x10002980                weak_raw_vprintf
 .text._exit    0x100029b0        0x4 CMakeFiles/ALSongs.dir/C_/Users/Windows11/.pico-sdk/sdk/2.1.1/src/rp2_common/pico_clib_interface/newlib_interface.c.obj
                0x100029b0                _exit
 .text._sbrk    0x100029b4       0x34 CMakeFiles/ALSongs.dir/C_/Users/Windows11/.pico-sdk/sdk/2.1.1/src/rp2_common/pico_clib_interface/newlib_interface.c.obj
                0x100029b4                _sbrk
 .text.exit     0x100029e8        0x8 CMakeFiles/ALSongs.dir/C_/Users/Windows11/.pico-sdk/sdk/2.1.1/src/rp2_common/pico_clib_interface/newlib_interface.c.obj
                0x100029e8                exit
 .text.runtime_init
                0x100029f0       0x2c CMakeFiles/ALSongs.dir/C_/Users/Windows11/.pico-sdk/sdk/2.1.1/src/rp2_common/pico_clib_interface/newlib_interface.c.obj
                0x100029f0                runtime_init
 .text.stdio_out_chars_no_crlf
                0x10002a1c       0x10 CMakeFiles/ALSongs.dir/C_/Users/Windows11/.pico-sdk/sdk/2.1.1/src/rp2_common/pico_stdio/stdio.c.obj
 .text.stdio_out_chars_crlf
                0x10002a2c       0xb0 CMakeFiles/ALSongs.dir/C_/Users/Windows11/.pico-sdk/sdk/2.1.1/src/rp2_common/pico_stdio/stdio.c.obj
 .text.stdio_put_string
                0x10002adc       0xfc CMakeFiles/ALSongs.dir/C_/Users/Windows11/.pico-sdk/sdk/2.1.1/src/rp2_common/pico_stdio/stdio.c.obj
                0x10002adc                stdio_put_string
 .text.stdio_init_all
                0x10002bd8        0x4 CMakeFiles/ALSongs.dir/C_/Users/Windows11/.pico-sdk/sdk/2.1.1/src/rp2_common/pico_stdio/stdio.c.obj
                0x10002bd8                stdio_init_all
 .text.__wrap_putchar
                0x10002bdc       0x94 CMakeFiles/ALSongs.dir/C_/Users/Windows11/.pico-sdk/sdk/2.1.1/src/rp2_common/pico_stdio/stdio.c.obj
                0x10002bdc                __wrap_putchar
                0x10002bdc                stdio_putchar
 .text.__wrap_puts
                0x10002c70       0x3c CMakeFiles/ALSongs.dir/C_/Users/Windows11/.pico-sdk/sdk/2.1.1/src/rp2_common/pico_stdio/stdio.c.obj
                0x10002c70                stdio_puts
                0x10002c70                __wrap_puts
 .text.pio_claim_unused_sm
                0x10002cac       0x38 CMakeFiles/ALSongs.dir/C_/Users/Windows11/.pico-sdk/sdk/2.1.1/src/rp2_common/hardware_pio/pio.c.obj
                0x10002cac                pio_claim_unused_sm
 .text.pio_add_program
                0x10002ce4       0xf8 CMakeFiles/ALSongs.dir/C_/Users/Windows11/.pico-sdk/sdk/2.1.1/src/rp2_common/hardware_pio/pio.c.obj
                0x10002ce4                pio_add_program
 .text.pio_sm_set_consecutive_pindirs
                0x10002ddc       0xb4 CMakeFiles/ALSongs.dir/C_/Users/Windows11/.pico-sdk/sdk/2.1.1/src/rp2_common/hardware_pio/pio.c.obj
                0x10002ddc                pio_sm_set_consecutive_pindirs
 .text.pio_sm_init
                0x10002e90       0x9c CMakeFiles/ALSongs.dir/C_/Users/Windows11/.pico-sdk/sdk/2.1.1/src/rp2_common/hardware_pio/pio.c.obj
                0x10002e90                pio_sm_init
 .text.adc_init
                0x10002f2c       0x38 CMakeFiles/ALSongs.dir/C_/Users/Windows11/.pico-sdk/sdk/2.1.1/src/rp2_common/hardware_adc/adc.c.obj
                0x10002f2c                adc_init
 .text.i2c_write_blocking_internal.constprop.0
                0x10002f64       0xf8 CMakeFiles/ALSongs.dir/C_/Users/Windows11/.pico-sdk/sdk/2.1.1/src/rp2_common/hardware_i2c/i2c.c.obj
 .text.i2c_set_baudrate
                0x1000305c       0xc0 CMakeFiles/ALSongs.dir/C_/Users/Windows11/.pico-sdk/sdk/2.1.1/src/rp2_common/hardware_i2c/i2c.c.obj
                0x1000305c                i2c_set_baudrate
 .text.i2c_init
                0x1000311c       0x50 CMakeFiles/ALSongs.dir/C_/Users/Windows11/.pico-sdk/sdk/2.1.1/src/rp2_common/hardware_i2c/i2c.c.obj
                0x1000311c                i2c_init
 .text.i2c_write_blocking
                0x1000316c       0x14 CMakeFiles/ALSongs.dir/C_/Users/Windows11/.pico-sdk/sdk/2.1.1/src/rp2_common/hardware_i2c/i2c.c.obj
                0x1000316c                i2c_write_blocking
 .text.malloc   0x10003180       0x14 C:/Users/Windows11/.pico-sdk/toolchain/14_2_Rel1/bin/../lib/gcc/arm-none-eabi/14.2.1/thumb/v6-m/nofp\libg.a(libc_a-malloc.o)
                0x10003180                malloc
 .text.free     0x10003194       0x14 C:/Users/Windows11/.pico-sdk/toolchain/14_2_Rel1/bin/../lib/gcc/arm-none-eabi/14.2.1/thumb/v6-m/nofp\libg.a(libc_a-malloc.o)
                0x10003194                free
 .text._malloc_r
                0x100031a8      0x5cc C:/Users/Windows11/.pico-sdk/toolchain/14_2_Rel1/bin/../lib/gcc/arm-none-eabi/14.2.1/thumb/v6-m/nofp\libg.a(libc_a-mallocr.o)
                0x100031a8                _malloc_r
 .text.__malloc_lock
                0x10003774       0x10 C:/Users/Windows11/.pico-sdk/toolchain/14_2_Rel1/bin/../lib/gcc/arm-none-eabi/14.2.1/thumb/v6-m/nofp\libg.a(libc_a-mlock.o)
                0x10003774                __malloc_lock
 .text.__malloc_unlock
                0x10003784       0x10 C:/Users/Windows11/.pico-sdk/toolchain/14_2_Rel1/bin/../lib/gcc/arm-none-eabi/14.2.1/thumb/v6-m/nofp\libg.a(libc_a-mlock.o)
                0x10003784                __malloc_unlock
 .text.strdup   0x10003794       0x14 C:/Users/Windows11/.pico-sdk/toolchain/14_2_Rel1/bin/../lib/gcc/arm-none-eabi/14.2.1/thumb/v6-m/nofp\libg.a(libc_a-strdup.o)
                0x10003794                strdup
 .text._strdup_r
                0x100037a8       0x28 C:/Users/Windows11/.pico-sdk/toolchain/14_2_Rel1/bin/../lib/gcc/arm-none-eabi/14.2.1/thumb/v6-m/nofp\libg.a(libc_a-strdup_r.o)
                0x100037a8                _strdup_r
 .text.stpcpy   0x100037d0       0x48 C:/Users/Windows11/.pico-sdk/toolchain/14_2_Rel1/bin/../lib/gcc/arm-none-eabi/14.2.1/thumb/v6-m/nofp\libg.a(libc_a-stpcpy.o)
                0x100037d0                stpcpy
 .text._sbrk_r  0x10003818       0x24 C:/Users/Windows11/.pico-sdk/toolchain/14_2_Rel1/bin/../lib/gcc/arm-none-eabi/14.2.1/thumb/v6-m/nofp\libg.a(libc_a-sbrkr.o)
                0x10003818                _sbrk_r
 .text.__errno  0x1000383c        0xc C:/Users/Windows11/.pico-sdk/toolchain/14_2_Rel1/bin/../lib/gcc/arm-none-eabi/14.2.1/thumb/v6-m/nofp\libg.a(libc_a-errno.o)
                0x1000383c                __errno
 .text.__retarget_lock_acquire_recursive
                0x10003848        0x4 C:/Users/Windows11/.pico-sdk/toolchain/14_2_Rel1/bin/../lib/gcc/arm-none-eabi/14.2.1/thumb/v6-m/nofp\libg.a(libc_a-lock.o)
                0x10003848                __retarget_lock_acquire_recursive
 .text.__retarget_lock_release_recursive
                0x1000384c        0x4 C:/Users/Windows11/.pico-sdk/toolchain/14_2_Rel1/bin/../lib/gcc/arm-none-eabi/14.2.1/thumb/v6-m/nofp\libg.a(libc_a-lock.o)
                0x1000384c                __retarget_lock_release_recursive
 .text.sysconf  0x10003850       0x1c C:/Users/Windows11/.pico-sdk/toolchain/14_2_Rel1/bin/../lib/gcc/arm-none-eabi/14.2.1/thumb/v6-m/nofp\libg.a(libc_a-sysconf.o)
                0x10003850                sysconf
 .text          0x1000386c       0x88 C:/Users/Windows11/.pico-sdk/toolchain/14_2_Rel1/bin/../lib/gcc/arm-none-eabi/14.2.1/thumb/v6-m/nofp\libg.a(libc_a-strcmp.o)
                0x1000386c                strcmp
 .text.strlen   0x100038f4       0x5c C:/Users/Windows11/.pico-sdk/toolchain/14_2_Rel1/bin/../lib/gcc/arm-none-eabi/14.2.1/thumb/v6-m/nofp\libg.a(libc_a-strlen-stub.o)
                0x100038f4                strlen
 .text._malloc_trim_r
                0x10003950       0xb4 C:/Users/Windows11/.pico-sdk/toolchain/14_2_Rel1/bin/../lib/gcc/arm-none-eabi/14.2.1/thumb/v6-m/nofp\libg.a(libc_a-freer.o)
                0x10003950                _malloc_trim_r
 .text._free_r  0x10003a04      0x1f0 C:/Users/Windows11/.pico-sdk/toolchain/14_2_Rel1/bin/../lib/gcc/arm-none-eabi/14.2.1/thumb/v6-m/nofp\libg.a(libc_a-freer.o)
                0x10003a04                _free_r
 *(.fini)
 .fini          0x10003bf4        0x4 C:/Users/Windows11/.pico-sdk/toolchain/14_2_Rel1/bin/../lib/gcc/arm-none-eabi/14.2.1/thumb/v6-m/nofp/crti.o
                0x10003bf4                _fini
 .fini.__stub   0x10003bf8       0x30 linker stubs
 *crtbegin.o(.ctors)
 *crtbegin?.o(.ctors)
 *(EXCLUDE_FILE(*crtend.o *crtend?.o) .ctors)
 *(SORT_BY_NAME(.ctors.*))
 *(.ctors)
 *crtbegin.o(.dtors)
 *crtbegin?.o(.dtors)
 *(EXCLUDE_FILE(*crtend.o *crtend?.o) .dtors)
 *(SORT_BY_NAME(.dtors.*))
 *(.dtors)
                0x10003c28                        . = ALIGN (0x4)
                0x10003c28                        PROVIDE (__preinit_array_start = .)
 *(SORT_BY_NAME(.preinit_array.*))
 .preinit_array.00100
                0x10003c28        0x4 CMakeFiles/ALSongs.dir/C_/Users/Windows11/.pico-sdk/sdk/2.1.1/src/rp2_common/pico_runtime_init/runtime_init.c.obj
                0x10003c28                __pre_init_runtime_init_early_resets
 .preinit_array.00101
                0x10003c2c        0x4 CMakeFiles/ALSongs.dir/C_/Users/Windows11/.pico-sdk/sdk/2.1.1/src/rp2_common/pico_runtime_init/runtime_init.c.obj
                0x10003c2c                __pre_init_runtime_init_usb_power_down
 .preinit_array.00275
                0x10003c30        0x4 CMakeFiles/ALSongs.dir/C_/Users/Windows11/.pico-sdk/sdk/2.1.1/src/rp2_common/pico_bit_ops/bit_ops_aeabi.S.obj
 .preinit_array.00300
                0x10003c34        0x4 CMakeFiles/ALSongs.dir/C_/Users/Windows11/.pico-sdk/sdk/2.1.1/src/rp2_common/pico_mem_ops/mem_ops_aeabi.S.obj
 .preinit_array.00350
                0x10003c38        0x4 CMakeFiles/ALSongs.dir/C_/Users/Windows11/.pico-sdk/sdk/2.1.1/src/rp2_common/pico_double/double_aeabi_rp2040.S.obj
 .preinit_array.00350
                0x10003c3c        0x4 CMakeFiles/ALSongs.dir/C_/Users/Windows11/.pico-sdk/sdk/2.1.1/src/rp2_common/pico_float/float_aeabi_rp2040.S.obj
 .preinit_array.00500
                0x10003c40        0x4 CMakeFiles/ALSongs.dir/C_/Users/Windows11/.pico-sdk/sdk/2.1.1/src/rp2_common/pico_runtime_init/runtime_init.c.obj
                0x10003c40                __pre_init_runtime_init_clocks
 .preinit_array.00600
                0x10003c44        0x4 CMakeFiles/ALSongs.dir/C_/Users/Windows11/.pico-sdk/sdk/2.1.1/src/rp2_common/pico_runtime_init/runtime_init.c.obj
                0x10003c44                __pre_init_runtime_init_post_clock_resets
 .preinit_array.00700
                0x10003c48        0x4 CMakeFiles/ALSongs.dir/C_/Users/Windows11/.pico-sdk/sdk/2.1.1/src/rp2_common/pico_runtime_init/runtime_init.c.obj
                0x10003c48                __pre_init_runtime_init_rp2040_gpio_ie_disable
 .preinit_array.01000
                0x10003c4c        0x4 CMakeFiles/ALSongs.dir/C_/Users/Windows11/.pico-sdk/sdk/2.1.1/src/rp2_common/pico_runtime_init/runtime_init.c.obj
                0x10003c4c                __pre_init_runtime_init_spin_locks_reset
 .preinit_array.01100
                0x10003c50        0x4 CMakeFiles/ALSongs.dir/C_/Users/Windows11/.pico-sdk/sdk/2.1.1/src/common/pico_sync/mutex.c.obj
                0x10003c50                __pre_init_runtime_init_mutex
 .preinit_array.10080
                0x10003c54        0x4 CMakeFiles/ALSongs.dir/C_/Users/Windows11/.pico-sdk/sdk/2.1.1/src/rp2_common/pico_runtime_init/runtime_init.c.obj
                0x10003c54                __pre_init_runtime_init_install_ram_vector_table
 .preinit_array.11000
                0x10003c58        0x4 CMakeFiles/ALSongs.dir/C_/Users/Windows11/.pico-sdk/sdk/2.1.1/src/common/pico_time/time.c.obj
                0x10003c58                __pre_init_runtime_init_default_alarm_pool
 .preinit_array.YYYYY
                0x10003c5c        0x4 CMakeFiles/ALSongs.dir/C_/Users/Windows11/.pico-sdk/sdk/2.1.1/src/rp2_common/pico_runtime/runtime.c.obj
                0x10003c5c                __pre_init_first_per_core_initializer
 .preinit_array.ZZZZZ.01200
                0x10003c60        0x4 CMakeFiles/ALSongs.dir/C_/Users/Windows11/.pico-sdk/sdk/2.1.1/src/rp2_common/hardware_irq/irq.c.obj
                0x10003c60                __pre_init_runtime_init_per_core_irq_priorities
 *(.preinit_array)
                0x10003c64                        PROVIDE (__preinit_array_end = .)
                0x10003c64                        . = ALIGN (0x4)
                0x10003c64                        PROVIDE (__init_array_start = .)
 *(SORT_BY_NAME(.init_array.*))
 *(.init_array)
 .init_array    0x10003c64        0x4 C:/Users/Windows11/.pico-sdk/toolchain/14_2_Rel1/bin/../lib/gcc/arm-none-eabi/14.2.1/thumb/v6-m/nofp/crtbegin.o
                0x10003c68                        PROVIDE (__init_array_end = .)
                0x10003c68                        . = ALIGN (0x4)
                [!provide]                        PROVIDE (__fini_array_start = .)
 *(SORT_BY_NAME(.fini_array.*))
 *(.fini_array)
                [!provide]                        PROVIDE (__fini_array_end = .)
 *(.eh_frame*)
 .eh_frame      0x10003c68        0x0 C:/Users/Windows11/.pico-sdk/toolchain/14_2_Rel1/bin/../lib/gcc/arm-none-eabi/14.2.1/thumb/v6-m/nofp/crtbegin.o
                0x10003c68                        . = ALIGN (0x4)

.glue_7         0x10003c68        0x0
 .glue_7        0x10003c68        0x0 linker stubs

.glue_7t        0x10003c68        0x0
 .glue_7t       0x10003c68        0x0 linker stubs

.vfp11_veneer   0x10003c68        0x0
 .vfp11_veneer  0x10003c68        0x0 linker stubs

.v4_bx          0x10003c68        0x0
 .v4_bx         0x10003c68        0x0 linker stubs

.iplt           0x10003c68        0x0
 .iplt          0x10003c68        0x0 C:/Users/Windows11/.pico-sdk/toolchain/14_2_Rel1/bin/../lib/gcc/arm-none-eabi/14.2.1/thumb/v6-m/nofp/crtbegin.o

.rodata         0x10003c68      0x4ec
 *(EXCLUDE_FILE(*libm.a: *libc.a:*lib_a-mem*.o *libgcc.a:) .rodata*)
 .rodata.main.str1.4
                0x10003c68      0x128 CMakeFiles/ALSongs.dir/ALSongs.c.obj
                                  0xa (size before relaxing)
 .rodata.str1.4
                0x10003d90       0x4a CMakeFiles/ALSongs.dir/ALSongs.c.obj
 .rodata.ws2818b_program
                0x10003d90        0x8 CMakeFiles/ALSongs.dir/ALSongs.c.obj
 .rodata.ws2818b_program_instructions
                0x10003d98        0x8 CMakeFiles/ALSongs.dir/ALSongs.c.obj
 .rodata        0x10003da0        0xc CMakeFiles/ALSongs.dir/ALSongs.c.obj
 .rodata.ssd1306_draw_string
                0x10003dac       0xe0 CMakeFiles/ALSongs.dir/inc/ssd1306_i2c.c.obj
 *fill*         0x10003e8c        0x4 
 .rodata.font   0x10003e90      0x140 CMakeFiles/ALSongs.dir/inc/ssd1306_i2c.c.obj
 .rodata        0x10003fd0       0x1a CMakeFiles/ALSongs.dir/inc/ssd1306_i2c.c.obj
 .rodata.panic.str1.4
                0x10003fea       0x12 CMakeFiles/ALSongs.dir/C_/Users/Windows11/.pico-sdk/sdk/2.1.1/src/rp2_common/pico_platform_panic/panic.c.obj
 .rodata.timer_hardware_alarm_claim.str1.4
                0x10003fea       0x22 CMakeFiles/ALSongs.dir/C_/Users/Windows11/.pico-sdk/sdk/2.1.1/src/rp2_common/hardware_timer/timer.c.obj
 .rodata.hard_assertion_failure.str1.4
                0x10003fea        0xc CMakeFiles/ALSongs.dir/C_/Users/Windows11/.pico-sdk/sdk/2.1.1/src/rp2_common/pico_runtime/runtime.c.obj
 .rodata.missing_double_func_shim.str1.4
                0x10003fea       0x18 CMakeFiles/ALSongs.dir/C_/Users/Windows11/.pico-sdk/sdk/2.1.1/src/rp2_common/pico_double/double_init_rom_rp2040.c.obj
 .rodata.missing_float_func_shim.str1.4
                0x10003fea        0x1 CMakeFiles/ALSongs.dir/C_/Users/Windows11/.pico-sdk/sdk/2.1.1/src/rp2_common/pico_float/float_init_rom_rp2040.c.obj
 .rodata.__wrap_malloc.str1.4
                0x10003fea        0xe CMakeFiles/ALSongs.dir/C_/Users/Windows11/.pico-sdk/sdk/2.1.1/src/rp2_common/pico_malloc/malloc.c.obj
 .rodata.str1.4
                0x10003fea       0x40 CMakeFiles/ALSongs.dir/C_/Users/Windows11/.pico-sdk/sdk/2.1.1/src/rp2_common/pico_standard_binary_info/standard_binary_info.c.obj
 *fill*         0x10003fea        0x2 
 .rodata.__bi_84
                0x10003fec        0xc CMakeFiles/ALSongs.dir/C_/Users/Windows11/.pico-sdk/sdk/2.1.1/src/rp2_common/pico_standard_binary_info/standard_binary_info.c.obj
 .rodata.__bi_78
                0x10003ff8        0xc CMakeFiles/ALSongs.dir/C_/Users/Windows11/.pico-sdk/sdk/2.1.1/src/rp2_common/pico_standard_binary_info/standard_binary_info.c.obj
 .rodata.__bi_60
                0x10004004        0xc CMakeFiles/ALSongs.dir/C_/Users/Windows11/.pico-sdk/sdk/2.1.1/src/rp2_common/pico_standard_binary_info/standard_binary_info.c.obj
 .rodata.__bi_54
                0x10004010        0xc CMakeFiles/ALSongs.dir/C_/Users/Windows11/.pico-sdk/sdk/2.1.1/src/rp2_common/pico_standard_binary_info/standard_binary_info.c.obj
 .rodata.__bi_48
                0x1000401c        0xc CMakeFiles/ALSongs.dir/C_/Users/Windows11/.pico-sdk/sdk/2.1.1/src/rp2_common/pico_standard_binary_info/standard_binary_info.c.obj
 .rodata.__bi_42
                0x10004028        0xc CMakeFiles/ALSongs.dir/C_/Users/Windows11/.pico-sdk/sdk/2.1.1/src/rp2_common/pico_standard_binary_info/standard_binary_info.c.obj
 .rodata.__bi_34
                0x10004034        0xc CMakeFiles/ALSongs.dir/C_/Users/Windows11/.pico-sdk/sdk/2.1.1/src/rp2_common/pico_standard_binary_info/standard_binary_info.c.obj
 .rodata.__bi_26
                0x10004040        0xc CMakeFiles/ALSongs.dir/C_/Users/Windows11/.pico-sdk/sdk/2.1.1/src/rp2_common/pico_standard_binary_info/standard_binary_info.c.obj
 .rodata.crlf_str.0
                0x1000404c        0x2 CMakeFiles/ALSongs.dir/C_/Users/Windows11/.pico-sdk/sdk/2.1.1/src/rp2_common/pico_stdio/stdio.c.obj
 .rodata.pio_claim_unused_sm.str1.4
                0x1000404e       0x24 CMakeFiles/ALSongs.dir/C_/Users/Windows11/.pico-sdk/sdk/2.1.1/src/rp2_common/hardware_pio/pio.c.obj
 *fill*         0x1000404e        0x2 
 .rodata._ctype_
                0x10004050      0x101 C:/Users/Windows11/.pico-sdk/toolchain/14_2_Rel1/bin/../lib/gcc/arm-none-eabi/14.2.1/thumb/v6-m/nofp\libg.a(libc_a-ctype_.o)
                0x10004050                _ctype_
                0x10004154                        . = ALIGN (0x4)
 *fill*         0x10004151        0x3 
 *(SORT_BY_ALIGNMENT(SORT_BY_NAME(.flashdata*)))
                0x10004154                        . = ALIGN (0x4)

.ARM.extab
 *(.ARM.extab* .gnu.linkonce.armextab.*)
                0x10004154                        __exidx_start = .

.ARM.exidx
 *(.ARM.exidx* .gnu.linkonce.armexidx.*)
                0x10004154                        __exidx_end = .
                0x10004154                        . = ALIGN (0x4)
                0x10004154                        __binary_info_start = .

.binary_info    0x10004154       0x20
 *(.binary_info.keep.*)
 .binary_info.keep.__bi_ptr84
                0x10004154        0x4 CMakeFiles/ALSongs.dir/C_/Users/Windows11/.pico-sdk/sdk/2.1.1/src/rp2_common/pico_standard_binary_info/standard_binary_info.c.obj
 .binary_info.keep.__bi_ptr78
                0x10004158        0x4 CMakeFiles/ALSongs.dir/C_/Users/Windows11/.pico-sdk/sdk/2.1.1/src/rp2_common/pico_standard_binary_info/standard_binary_info.c.obj
 .binary_info.keep.__bi_ptr60
                0x1000415c        0x4 CMakeFiles/ALSongs.dir/C_/Users/Windows11/.pico-sdk/sdk/2.1.1/src/rp2_common/pico_standard_binary_info/standard_binary_info.c.obj
 .binary_info.keep.__bi_ptr54
                0x10004160        0x4 CMakeFiles/ALSongs.dir/C_/Users/Windows11/.pico-sdk/sdk/2.1.1/src/rp2_common/pico_standard_binary_info/standard_binary_info.c.obj
 .binary_info.keep.__bi_ptr48
                0x10004164        0x4 CMakeFiles/ALSongs.dir/C_/Users/Windows11/.pico-sdk/sdk/2.1.1/src/rp2_common/pico_standard_binary_info/standard_binary_info.c.obj
 .binary_info.keep.__bi_ptr42
                0x10004168        0x4 CMakeFiles/ALSongs.dir/C_/Users/Windows11/.pico-sdk/sdk/2.1.1/src/rp2_common/pico_standard_binary_info/standard_binary_info.c.obj
 .binary_info.keep.__bi_ptr34
                0x1000416c        0x4 CMakeFiles/ALSongs.dir/C_/Users/Windows11/.pico-sdk/sdk/2.1.1/src/rp2_common/pico_standard_binary_info/standard_binary_info.c.obj
 .binary_info.keep.__bi_ptr26
                0x10004170        0x4 CMakeFiles/ALSongs.dir/C_/Users/Windows11/.pico-sdk/sdk/2.1.1/src/rp2_common/pico_standard_binary_info/standard_binary_info.c.obj
 *(.binary_info.*)
                0x10004174                        __binary_info_end = .

.rel.dyn        0x10004174        0x0
 .rel.iplt      0x10004174        0x0 C:/Users/Windows11/.pico-sdk/toolchain/14_2_Rel1/bin/../lib/gcc/arm-none-eabi/14.2.1/thumb/v6-m/nofp/crtbegin.o
                0x10004174                        . = ALIGN (0x4)

.ram_vector_table
                0x20000000       0xc0
 *(.ram_vector_table)
 .ram_vector_table
                0x20000000       0xc0 CMakeFiles/ALSongs.dir/C_/Users/Windows11/.pico-sdk/sdk/2.1.1/src/rp2_common/pico_runtime_init/runtime_init.c.obj
                0x20000000                ram_vector_table

.uninitialized_data
                0x200000c0        0x0
                0x200000c0                        . = ALIGN (0x4)
 *(.uninitialized_data*)

.data           0x200000c0     0x10e0 load address 0x10004174
                0x200000c0                        __data_start__ = .
 *(vtable)
 *(.time_critical*)
 .time_critical.mutex_try_enter_block_until
                0x200000c0       0x98 CMakeFiles/ALSongs.dir/C_/Users/Windows11/.pico-sdk/sdk/2.1.1/src/common/pico_sync/mutex.c.obj
                0x200000c0                mutex_try_enter_block_until
 .time_critical.mutex_exit
                0x20000158       0x28 CMakeFiles/ALSongs.dir/C_/Users/Windows11/.pico-sdk/sdk/2.1.1/src/common/pico_sync/mutex.c.obj
                0x20000158                mutex_exit
 *(.text*)
 .text          0x20000180        0x4 C:/Users/Windows11/.pico-sdk/toolchain/14_2_Rel1/bin/../lib/gcc/arm-none-eabi/14.2.1/thumb/v6-m/nofp\libgcc.a(_dvmd_tls.o)
                0x20000180                __aeabi_idiv0
                0x20000180                __aeabi_ldiv0
 *fill*         0x20000184        0x4 
 .text.__stub   0x20000188       0x10 linker stubs
                0x20000198                        . = ALIGN (0x4)
 *(.rodata*)
                0x20000198                        . = ALIGN (0x4)
 *(.data*)
 .data.nota_atual
                0x20000198        0x4 CMakeFiles/ALSongs.dir/ALSongs.c.obj
                0x20000198                nota_atual
 .data.freq_up  0x2000019c        0x1 CMakeFiles/ALSongs.dir/ALSongs.c.obj
                0x2000019c                freq_up
 *fill*         0x2000019d        0x3 
 .data.nome_notas
                0x200001a0       0x1c CMakeFiles/ALSongs.dir/ALSongs.c.obj
                0x200001a0                nome_notas
 .data.notas    0x200001bc      0x1b8 CMakeFiles/ALSongs.dir/ALSongs.c.obj
                0x200001bc                notas
 .data.frame_area
                0x20000374        0x8 CMakeFiles/ALSongs.dir/ALSongs.c.obj
                0x20000374                frame_area
 .data.nota_caractere
                0x2000037c      0x834 CMakeFiles/ALSongs.dir/ALSongs.c.obj
                0x2000037c                nota_caractere
 .data.number_leds
                0x20000bb0       0x3c CMakeFiles/ALSongs.dir/ALSongs.c.obj
                0x20000bb0                number_leds
 .data.striped_spin_lock_num
                0x20000bec        0x1 CMakeFiles/ALSongs.dir/C_/Users/Windows11/.pico-sdk/sdk/2.1.1/src/rp2_common/hardware_sync/sync.c.obj
 *fill*         0x20000bed        0x3 
 .data.default_alarm_pool
                0x20000bf0       0x18 CMakeFiles/ALSongs.dir/C_/Users/Windows11/.pico-sdk/sdk/2.1.1/src/common/pico_time/time.c.obj
 *fill*         0x20000c08        0x8 
 .data.aeabi_bits_funcs
                0x20000c10       0x10 CMakeFiles/ALSongs.dir/C_/Users/Windows11/.pico-sdk/sdk/2.1.1/src/rp2_common/pico_bit_ops/bit_ops_aeabi.S.obj
                0x20000c10                aeabi_bits_funcs
                0x20000c20                aeabi_bits_funcs_end
 .data.aeabi_mem_funcs
                0x20000c20       0x10 CMakeFiles/ALSongs.dir/C_/Users/Windows11/.pico-sdk/sdk/2.1.1/src/rp2_common/pico_mem_ops/mem_ops_aeabi.S.obj
                0x20000c20                aeabi_mem_funcs
                0x20000c30                aeabi_mem_funcs_end
 .data.i2c1_inst
                0x20000c30        0x8 CMakeFiles/ALSongs.dir/C_/Users/Windows11/.pico-sdk/sdk/2.1.1/src/rp2_common/hardware_i2c/i2c.c.obj
                0x20000c30                i2c1_inst
 .data.i2c0_inst
                0x20000c38        0x8 CMakeFiles/ALSongs.dir/C_/Users/Windows11/.pico-sdk/sdk/2.1.1/src/rp2_common/hardware_i2c/i2c.c.obj
                0x20000c38                i2c0_inst
 .data.__malloc_sbrk_base
                0x20000c40        0x4 C:/Users/Windows11/.pico-sdk/toolchain/14_2_Rel1/bin/../lib/gcc/arm-none-eabi/14.2.1/thumb/v6-m/nofp\libg.a(libc_a-mallocr.o)
                0x20000c40                __malloc_sbrk_base
 .data.__malloc_trim_threshold
                0x20000c44        0x4 C:/Users/Windows11/.pico-sdk/toolchain/14_2_Rel1/bin/../lib/gcc/arm-none-eabi/14.2.1/thumb/v6-m/nofp\libg.a(libc_a-mallocr.o)
                0x20000c44                __malloc_trim_threshold
 .data.__malloc_av_
                0x20000c48      0x408 C:/Users/Windows11/.pico-sdk/toolchain/14_2_Rel1/bin/../lib/gcc/arm-none-eabi/14.2.1/thumb/v6-m/nofp\libg.a(libc_a-mallocr.o)
                0x20000c48                __malloc_av_
 .data._impure_ptr
                0x20001050        0x4 C:/Users/Windows11/.pico-sdk/toolchain/14_2_Rel1/bin/../lib/gcc/arm-none-eabi/14.2.1/thumb/v6-m/nofp\libg.a(libc_a-impure.o)
                0x20001050                _impure_ptr
 *fill*         0x20001054        0x4 
 .data._impure_data
                0x20001058      0x140 C:/Users/Windows11/.pico-sdk/toolchain/14_2_Rel1/bin/../lib/gcc/arm-none-eabi/14.2.1/thumb/v6-m/nofp\libg.a(libc_a-impure.o)
                0x20001058                _impure_data
                0x20001198                        . = ALIGN (0x4)
 *(.after_data.*)
                0x20001198                        . = ALIGN (0x4)
                0x20001198                        PROVIDE (__mutex_array_start = .)
 *(SORT_BY_NAME(.mutex_array.*))
 *(.mutex_array)
 .mutex_array   0x20001198        0x8 CMakeFiles/ALSongs.dir/C_/Users/Windows11/.pico-sdk/sdk/2.1.1/src/rp2_common/pico_stdio/stdio.c.obj
                0x200011a0                        PROVIDE (__mutex_array_end = .)
                0x200011a0                        . = ALIGN (0x4)
 *(.jcr)
                0x200011a0                        . = ALIGN (0x4)

.tm_clone_table
                0x200011a0        0x0 load address 0x10005254
 .tm_clone_table
                0x200011a0        0x0 C:/Users/Windows11/.pico-sdk/toolchain/14_2_Rel1/bin/../lib/gcc/arm-none-eabi/14.2.1/thumb/v6-m/nofp/crtbegin.o
 .tm_clone_table
                0x200011a0        0x0 C:/Users/Windows11/.pico-sdk/toolchain/14_2_Rel1/bin/../lib/gcc/arm-none-eabi/14.2.1/thumb/v6-m/nofp/crtend.o

.igot.plt       0x200011a0        0x0 load address 0x10005254
 .igot.plt      0x200011a0        0x0 C:/Users/Windows11/.pico-sdk/toolchain/14_2_Rel1/bin/../lib/gcc/arm-none-eabi/14.2.1/thumb/v6-m/nofp/crtbegin.o

.tdata          0x200011a0        0x0 load address 0x10005254
                0x200011a0                        . = ALIGN (0x4)
 *(.tdata .tdata.* .gnu.linkonce.td.*)
                0x200011a0                        __tdata_end = .
                0x200011a0                        PROVIDE (__data_end__ = .)
                0x10004174                        __etext = LOADADDR (.data)

.tbss           0x200011a0        0x0 load address 0x10005254
                0x200011a0                        . = ALIGN (0x4)
                0x200011a0                        __bss_start__ = .
                0x200011a0                        __tls_base = .
 *(.tbss .tbss.* .gnu.linkonce.tb.*)
 *(.tcommon)
                0x200011a0                        __tls_end = .

.bss            0x200011a0      0x660 load address 0x10005254
                0x200011a0                        . = ALIGN (0x4)
                0x200011a0                        __tbss_end = .
 *(SORT_BY_ALIGNMENT(SORT_BY_NAME(.bss*)))
 .bss.default_alarm_pool_entries
                0x200011a0      0x180 CMakeFiles/ALSongs.dir/C_/Users/Windows11/.pico-sdk/sdk/2.1.1/src/common/pico_time/time.c.obj
 .bss.leds      0x20001320       0x4b CMakeFiles/ALSongs.dir/ALSongs.c.obj
                0x20001320                leds
 *fill*         0x2000136b        0x5 
 .bss.sd_table  0x20001370      0x100 CMakeFiles/ALSongs.dir/C_/Users/Windows11/.pico-sdk/sdk/2.1.1/src/rp2_common/pico_double/double_init_rom_rp2040.c.obj
                0x20001370                sd_table
 .bss.__lock___malloc_recursive_mutex
                0x20001470        0x1 C:/Users/Windows11/.pico-sdk/toolchain/14_2_Rel1/bin/../lib/gcc/arm-none-eabi/14.2.1/thumb/v6-m/nofp\libg.a(libc_a-lock.o)
                0x20001470                __lock___malloc_recursive_mutex
 *fill*         0x20001471        0x3 
 .bss.__malloc_current_mallinfo
                0x20001474       0x28 C:/Users/Windows11/.pico-sdk/toolchain/14_2_Rel1/bin/../lib/gcc/arm-none-eabi/14.2.1/thumb/v6-m/nofp\libg.a(libc_a-mallocr.o)
                0x20001474                __malloc_current_mallinfo
 .bss.__malloc_max_sbrked_mem
                0x2000149c        0x4 C:/Users/Windows11/.pico-sdk/toolchain/14_2_Rel1/bin/../lib/gcc/arm-none-eabi/14.2.1/thumb/v6-m/nofp\libg.a(libc_a-mallocr.o)
                0x2000149c                __malloc_max_sbrked_mem
 .bss.__malloc_max_total_mem
                0x200014a0        0x4 C:/Users/Windows11/.pico-sdk/toolchain/14_2_Rel1/bin/../lib/gcc/arm-none-eabi/14.2.1/thumb/v6-m/nofp\libg.a(libc_a-mallocr.o)
                0x200014a0                __malloc_max_total_mem
 .bss.__malloc_top_pad
                0x200014a4        0x4 C:/Users/Windows11/.pico-sdk/toolchain/14_2_Rel1/bin/../lib/gcc/arm-none-eabi/14.2.1/thumb/v6-m/nofp\libg.a(libc_a-mallocr.o)
                0x200014a4                __malloc_top_pad
 .bss.__sf      0x200014a8      0x138 C:/Users/Windows11/.pico-sdk/toolchain/14_2_Rel1/bin/../lib/gcc/arm-none-eabi/14.2.1/thumb/v6-m/nofp\libg.a(libc_a-findfp.o)
                0x200014a8                __sf
 .bss._used_instruction_space
                0x200015e0        0x8 CMakeFiles/ALSongs.dir/C_/Users/Windows11/.pico-sdk/sdk/2.1.1/src/rp2_common/hardware_pio/pio.c.obj
 .bss.buzzer_alarm_id
                0x200015e8        0x4 CMakeFiles/ALSongs.dir/ALSongs.c.obj
                0x200015e8                buzzer_alarm_id
 .bss.claimed   0x200015ec        0x1 CMakeFiles/ALSongs.dir/C_/Users/Windows11/.pico-sdk/sdk/2.1.1/src/rp2_common/hardware_timer/timer.c.obj
 *fill*         0x200015ed        0x3 
 .bss.claimed   0x200015f0        0x1 CMakeFiles/ALSongs.dir/C_/Users/Windows11/.pico-sdk/sdk/2.1.1/src/rp2_common/hardware_pio/pio.c.obj
 *fill*         0x200015f1        0x3 
 .bss.configured_freq
                0x200015f4       0x28 CMakeFiles/ALSongs.dir/C_/Users/Windows11/.pico-sdk/sdk/2.1.1/src/rp2_common/hardware_clocks/clocks.c.obj
 .bss.count     0x2000161c        0x4 CMakeFiles/ALSongs.dir/ALSongs.c.obj
                0x2000161c                count
 .bss.dir_x     0x20001620        0x4 CMakeFiles/ALSongs.dir/ALSongs.c.obj
                0x20001620                dir_x
 .bss.dir_y     0x20001624        0x4 CMakeFiles/ALSongs.dir/ALSongs.c.obj
                0x20001624                dir_y
 .bss.drivers   0x20001628        0x4 CMakeFiles/ALSongs.dir/C_/Users/Windows11/.pico-sdk/sdk/2.1.1/src/rp2_common/pico_stdio/stdio.c.obj
 .bss.errno     0x2000162c        0x4 C:/Users/Windows11/.pico-sdk/toolchain/14_2_Rel1/bin/../lib/gcc/arm-none-eabi/14.2.1/thumb/v6-m/nofp\libg.a(libc_a-reent.o)
                0x2000162c                errno
 .bss.filter    0x20001630        0x4 CMakeFiles/ALSongs.dir/C_/Users/Windows11/.pico-sdk/sdk/2.1.1/src/rp2_common/pico_stdio/stdio.c.obj
 .bss.heap_end.0
                0x20001634        0x4 CMakeFiles/ALSongs.dir/C_/Users/Windows11/.pico-sdk/sdk/2.1.1/src/rp2_common/pico_clib_interface/newlib_interface.c.obj
 .bss.key       0x20001638        0x4 CMakeFiles/ALSongs.dir/ALSongs.c.obj
                0x20001638                key
 .bss.lazy_vsnprintf
                0x2000163c        0x4 CMakeFiles/ALSongs.dir/C_/Users/Windows11/.pico-sdk/sdk/2.1.1/src/rp2_common/pico_printf/printf.c.obj
 .bss.musica    0x20001640       0x78 CMakeFiles/ALSongs.dir/ALSongs.c.obj
                0x20001640                musica
 .bss.nota      0x200016b8        0x4 CMakeFiles/ALSongs.dir/ALSongs.c.obj
                0x200016b8                nota
 .bss.nota_final
                0x200016bc        0x3 CMakeFiles/ALSongs.dir/ALSongs.c.obj
                0x200016bc                nota_final
 *fill*         0x200016bf        0x1 
 .bss.np_pio    0x200016c0        0x4 CMakeFiles/ALSongs.dir/ALSongs.c.obj
                0x200016c0                np_pio
 .bss.object.0  0x200016c4       0x18 C:/Users/Windows11/.pico-sdk/toolchain/14_2_Rel1/bin/../lib/gcc/arm-none-eabi/14.2.1/thumb/v6-m/nofp/crtbegin.o
 .bss.oitava    0x200016dc        0x4 CMakeFiles/ALSongs.dir/ALSongs.c.obj
                0x200016dc                oitava
 .bss.pools     0x200016e0       0x10 CMakeFiles/ALSongs.dir/C_/Users/Windows11/.pico-sdk/sdk/2.1.1/src/common/pico_time/time.c.obj
 .bss.sf_clz_func
                0x200016f0        0x4 CMakeFiles/ALSongs.dir/C_/Users/Windows11/.pico-sdk/sdk/2.1.1/src/rp2_common/pico_double/double_init_rom_rp2040.c.obj
                0x200016f0                sf_clz_func
 .bss.sf_table  0x200016f4      0x100 CMakeFiles/ALSongs.dir/C_/Users/Windows11/.pico-sdk/sdk/2.1.1/src/rp2_common/pico_float/float_init_rom_rp2040.c.obj
                0x200016f4                sf_table
 .bss.sleep_notifier
                0x200017f4        0x4 CMakeFiles/ALSongs.dir/C_/Users/Windows11/.pico-sdk/sdk/2.1.1/src/common/pico_time/time.c.obj
 .bss.sm        0x200017f8        0x4 CMakeFiles/ALSongs.dir/ALSongs.c.obj
                0x200017f8                sm
 .bss.escreveu_tela
                0x200017fc        0x1 CMakeFiles/ALSongs.dir/ALSongs.c.obj
                0x200017fc                escreveu_tela
 .bss.high      0x200017fd        0x1 CMakeFiles/ALSongs.dir/ALSongs.c.obj
                0x200017fd                high
 *(COMMON)
                0x20001800                        . = ALIGN (0x4)
 *fill*         0x200017fe        0x2 
                0x20001800                        __bss_end__ = .

.heap           0x20001800      0x800 load address 0x10005254
                0x20001800                        __end__ = .
                0x20001800                        end = __end__
 *(.heap*)
 .heap          0x20001800      0x800 CMakeFiles/ALSongs.dir/C_/Users/Windows11/.pico-sdk/sdk/2.1.1/src/rp2_common/pico_crt0/crt0.S.obj
                0x20040000                        __HeapLimit = (ORIGIN (RAM) + LENGTH (RAM))

.scratch_x      0x20040000        0x0 load address 0x10005254
                0x20040000                        __scratch_x_start__ = .
 *(.scratch_x.*)
                0x20040000                        . = ALIGN (0x4)
                0x20040000                        __scratch_x_end__ = .
                0x10005254                        __scratch_x_source__ = LOADADDR (.scratch_x)

.scratch_y      0x20041000        0x0 load address 0x10005254
                0x20041000                        __scratch_y_start__ = .
 *(.scratch_y.*)
                0x20041000                        . = ALIGN (0x4)
                0x20041000                        __scratch_y_end__ = .
                0x10005254                        __scratch_y_source__ = LOADADDR (.scratch_y)

.stack1_dummy
 *(.stack1*)

.stack_dummy    0x20041000      0x800
 *(.stack*)
 .stack         0x20041000      0x800 CMakeFiles/ALSongs.dir/C_/Users/Windows11/.pico-sdk/sdk/2.1.1/src/rp2_common/pico_crt0/crt0.S.obj

.flash_end      0x10005254        0x0
 *(.embedded_end_block*)
                0x10005254                        PROVIDE (__flash_binary_end = .)
                0x20040000                        __StackLimit = (ORIGIN (RAM) + LENGTH (RAM))
                0x20041000                        __StackOneTop = (ORIGIN (SCRATCH_X) + LENGTH (SCRATCH_X))
                0x20042000                        __StackTop = (ORIGIN (SCRATCH_Y) + LENGTH (SCRATCH_Y))
                0x20041000                        __StackOneBottom = (__StackOneTop - SIZEOF (.stack1_dummy))
                0x20041800                        __StackBottom = (__StackTop - SIZEOF (.stack_dummy))
                0x20042000                        PROVIDE (__stack = __StackTop)
                [!provide]                        PROVIDE (__heap_start = __end__)
                [!provide]                        PROVIDE (__heap_end = __HeapLimit)
                [!provide]                        PROVIDE (__tls_align = MAX (ALIGNOF (.tdata), ALIGNOF (.tbss)))
                [!provide]                        PROVIDE (__tls_size_align = (((__tls_size + __tls_align) - 0x1) & ~ ((__tls_align - 0x1))))
                [!provide]                        PROVIDE (__arm32_tls_tcb_offset = MAX (0x8, __tls_align))
                [!provide]                        PROVIDE (_end = __end__)
                [!provide]                        PROVIDE (__llvm_libc_heap_limit = __HeapLimit)
                0x00000001                        ASSERT ((__StackLimit >= __HeapLimit), region RAM overflowed)
                0x00000001                        ASSERT (((__binary_info_header_end - __logical_binary_start) <= 0x100), Binary info must be in first 256 bytes of the binary)
LOAD CMakeFiles/ALSongs.dir/ALSongs.c.obj
LOAD CMakeFiles/ALSongs.dir/inc/ssd1306_i2c.c.obj
LOAD CMakeFiles/ALSongs.dir/C_/Users/Windows11/.pico-sdk/sdk/2.1.1/src/rp2_common/pico_stdlib/stdlib.c.obj
LOAD CMakeFiles/ALSongs.dir/C_/Users/Windows11/.pico-sdk/sdk/2.1.1/src/rp2_common/hardware_gpio/gpio.c.obj
LOAD CMakeFiles/ALSongs.dir/C_/Users/Windows11/.pico-sdk/sdk/2.1.1/src/rp2040/pico_platform/platform.c.obj
LOAD CMakeFiles/ALSongs.dir/C_/Users/Windows11/.pico-sdk/sdk/2.1.1/src/rp2_common/pico_platform_panic/panic.c.obj
LOAD CMakeFiles/ALSongs.dir/C_/Users/Windows11/.pico-sdk/sdk/2.1.1/src/common/hardware_claim/claim.c.obj
LOAD CMakeFiles/ALSongs.dir/C_/Users/Windows11/.pico-sdk/sdk/2.1.1/src/rp2_common/hardware_sync/sync.c.obj
LOAD CMakeFiles/ALSongs.dir/C_/Users/Windows11/.pico-sdk/sdk/2.1.1/src/rp2_common/hardware_sync_spin_lock/sync_spin_lock.c.obj
LOAD CMakeFiles/ALSongs.dir/C_/Users/Windows11/.pico-sdk/sdk/2.1.1/src/rp2_common/hardware_irq/irq.c.obj
LOAD CMakeFiles/ALSongs.dir/C_/Users/Windows11/.pico-sdk/sdk/2.1.1/src/rp2_common/hardware_irq/irq_handler_chain.S.obj
LOAD CMakeFiles/ALSongs.dir/C_/Users/Windows11/.pico-sdk/sdk/2.1.1/src/common/pico_sync/sem.c.obj
LOAD CMakeFiles/ALSongs.dir/C_/Users/Windows11/.pico-sdk/sdk/2.1.1/src/common/pico_sync/lock_core.c.obj
LOAD CMakeFiles/ALSongs.dir/C_/Users/Windows11/.pico-sdk/sdk/2.1.1/src/common/pico_sync/mutex.c.obj
LOAD CMakeFiles/ALSongs.dir/C_/Users/Windows11/.pico-sdk/sdk/2.1.1/src/common/pico_sync/critical_section.c.obj
LOAD CMakeFiles/ALSongs.dir/C_/Users/Windows11/.pico-sdk/sdk/2.1.1/src/common/pico_time/time.c.obj
LOAD CMakeFiles/ALSongs.dir/C_/Users/Windows11/.pico-sdk/sdk/2.1.1/src/common/pico_time/timeout_helper.c.obj
LOAD CMakeFiles/ALSongs.dir/C_/Users/Windows11/.pico-sdk/sdk/2.1.1/src/rp2_common/hardware_timer/timer.c.obj
LOAD CMakeFiles/ALSongs.dir/C_/Users/Windows11/.pico-sdk/sdk/2.1.1/src/common/pico_util/datetime.c.obj
LOAD CMakeFiles/ALSongs.dir/C_/Users/Windows11/.pico-sdk/sdk/2.1.1/src/common/pico_util/pheap.c.obj
LOAD CMakeFiles/ALSongs.dir/C_/Users/Windows11/.pico-sdk/sdk/2.1.1/src/common/pico_util/queue.c.obj
LOAD CMakeFiles/ALSongs.dir/C_/Users/Windows11/.pico-sdk/sdk/2.1.1/src/rp2_common/hardware_uart/uart.c.obj
LOAD CMakeFiles/ALSongs.dir/C_/Users/Windows11/.pico-sdk/sdk/2.1.1/src/rp2_common/hardware_clocks/clocks.c.obj
LOAD CMakeFiles/ALSongs.dir/C_/Users/Windows11/.pico-sdk/sdk/2.1.1/src/rp2_common/hardware_pll/pll.c.obj
LOAD CMakeFiles/ALSongs.dir/C_/Users/Windows11/.pico-sdk/sdk/2.1.1/src/rp2_common/hardware_vreg/vreg.c.obj
LOAD CMakeFiles/ALSongs.dir/C_/Users/Windows11/.pico-sdk/sdk/2.1.1/src/rp2_common/hardware_watchdog/watchdog.c.obj
LOAD CMakeFiles/ALSongs.dir/C_/Users/Windows11/.pico-sdk/sdk/2.1.1/src/rp2_common/hardware_ticks/ticks.c.obj
LOAD CMakeFiles/ALSongs.dir/C_/Users/Windows11/.pico-sdk/sdk/2.1.1/src/rp2_common/pico_bootrom/bootrom.c.obj
LOAD CMakeFiles/ALSongs.dir/C_/Users/Windows11/.pico-sdk/sdk/2.1.1/src/rp2_common/pico_bootrom/bootrom_lock.c.obj
LOAD CMakeFiles/ALSongs.dir/C_/Users/Windows11/.pico-sdk/sdk/2.1.1/src/rp2_common/hardware_boot_lock/boot_lock.c.obj
LOAD CMakeFiles/ALSongs.dir/C_/Users/Windows11/.pico-sdk/sdk/2.1.1/src/rp2_common/pico_flash/flash.c.obj
LOAD CMakeFiles/ALSongs.dir/C_/Users/Windows11/.pico-sdk/sdk/2.1.1/src/rp2_common/hardware_xosc/xosc.c.obj
LOAD CMakeFiles/ALSongs.dir/C_/Users/Windows11/.pico-sdk/sdk/2.1.1/src/rp2_common/hardware_divider/divider.S.obj
LOAD CMakeFiles/ALSongs.dir/C_/Users/Windows11/.pico-sdk/sdk/2.1.1/src/rp2_common/pico_runtime/runtime.c.obj
LOAD CMakeFiles/ALSongs.dir/C_/Users/Windows11/.pico-sdk/sdk/2.1.1/src/rp2_common/pico_runtime_init/runtime_init.c.obj
LOAD CMakeFiles/ALSongs.dir/C_/Users/Windows11/.pico-sdk/sdk/2.1.1/src/rp2_common/pico_runtime_init/runtime_init_clocks.c.obj
LOAD CMakeFiles/ALSongs.dir/C_/Users/Windows11/.pico-sdk/sdk/2.1.1/src/rp2_common/pico_runtime_init/runtime_init_stack_guard.c.obj
LOAD CMakeFiles/ALSongs.dir/C_/Users/Windows11/.pico-sdk/sdk/2.1.1/src/rp2_common/pico_bit_ops/bit_ops_aeabi.S.obj
LOAD CMakeFiles/ALSongs.dir/C_/Users/Windows11/.pico-sdk/sdk/2.1.1/src/rp2_common/pico_divider/divider_hardware.S.obj
LOAD CMakeFiles/ALSongs.dir/C_/Users/Windows11/.pico-sdk/sdk/2.1.1/src/rp2_common/pico_double/double_aeabi_rp2040.S.obj
LOAD CMakeFiles/ALSongs.dir/C_/Users/Windows11/.pico-sdk/sdk/2.1.1/src/rp2_common/pico_double/double_init_rom_rp2040.c.obj
LOAD CMakeFiles/ALSongs.dir/C_/Users/Windows11/.pico-sdk/sdk/2.1.1/src/rp2_common/pico_double/double_math.c.obj
LOAD CMakeFiles/ALSongs.dir/C_/Users/Windows11/.pico-sdk/sdk/2.1.1/src/rp2_common/pico_double/double_v1_rom_shim_rp2040.S.obj
LOAD CMakeFiles/ALSongs.dir/C_/Users/Windows11/.pico-sdk/sdk/2.1.1/src/rp2_common/pico_int64_ops/pico_int64_ops_aeabi.S.obj
LOAD CMakeFiles/ALSongs.dir/C_/Users/Windows11/.pico-sdk/sdk/2.1.1/src/rp2_common/pico_float/float_aeabi_rp2040.S.obj
LOAD CMakeFiles/ALSongs.dir/C_/Users/Windows11/.pico-sdk/sdk/2.1.1/src/rp2_common/pico_float/float_init_rom_rp2040.c.obj
LOAD CMakeFiles/ALSongs.dir/C_/Users/Windows11/.pico-sdk/sdk/2.1.1/src/rp2_common/pico_float/float_math.c.obj
LOAD CMakeFiles/ALSongs.dir/C_/Users/Windows11/.pico-sdk/sdk/2.1.1/src/rp2_common/pico_float/float_v1_rom_shim_rp2040.S.obj
LOAD CMakeFiles/ALSongs.dir/C_/Users/Windows11/.pico-sdk/sdk/2.1.1/src/rp2_common/pico_malloc/malloc.c.obj
LOAD CMakeFiles/ALSongs.dir/C_/Users/Windows11/.pico-sdk/sdk/2.1.1/src/rp2_common/pico_mem_ops/mem_ops_aeabi.S.obj
LOAD CMakeFiles/ALSongs.dir/C_/Users/Windows11/.pico-sdk/sdk/2.1.1/src/rp2_common/pico_atomic/atomic.c.obj
LOAD CMakeFiles/ALSongs.dir/C_/Users/Windows11/.pico-sdk/sdk/2.1.1/src/rp2_common/pico_cxx_options/new_delete.cpp.obj
LOAD CMakeFiles/ALSongs.dir/C_/Users/Windows11/.pico-sdk/sdk/2.1.1/src/rp2_common/pico_standard_binary_info/standard_binary_info.c.obj
LOAD CMakeFiles/ALSongs.dir/C_/Users/Windows11/.pico-sdk/sdk/2.1.1/src/rp2_common/pico_printf/printf.c.obj
LOAD CMakeFiles/ALSongs.dir/C_/Users/Windows11/.pico-sdk/sdk/2.1.1/src/rp2_common/pico_crt0/crt0.S.obj
LOAD CMakeFiles/ALSongs.dir/C_/Users/Windows11/.pico-sdk/sdk/2.1.1/src/rp2_common/pico_clib_interface/newlib_interface.c.obj
LOAD CMakeFiles/ALSongs.dir/C_/Users/Windows11/.pico-sdk/sdk/2.1.1/src/rp2_common/pico_stdio/stdio.c.obj
LOAD CMakeFiles/ALSongs.dir/C_/Users/Windows11/.pico-sdk/sdk/2.1.1/src/rp2_common/hardware_pio/pio.c.obj
LOAD CMakeFiles/ALSongs.dir/C_/Users/Windows11/.pico-sdk/sdk/2.1.1/src/rp2_common/hardware_adc/adc.c.obj
LOAD CMakeFiles/ALSongs.dir/C_/Users/Windows11/.pico-sdk/sdk/2.1.1/src/rp2_common/hardware_i2c/i2c.c.obj
LOAD pico-sdk/src/rp2040/boot_stage2/CMakeFiles/bs2_default_library.dir/./bs2_default_padded_checksummed.S.obj
LOAD C:/Users/Windows11/.pico-sdk/toolchain/14_2_Rel1/bin/../lib/gcc/arm-none-eabi/14.2.1/thumb/v6-m/nofp\libstdc++.a
LOAD C:/Users/Windows11/.pico-sdk/toolchain/14_2_Rel1/bin/../lib/gcc/arm-none-eabi/14.2.1/thumb/v6-m/nofp\libm.a
START GROUP
LOAD C:/Users/Windows11/.pico-sdk/toolchain/14_2_Rel1/bin/../lib/gcc/arm-none-eabi/14.2.1/thumb/v6-m/nofp\libgcc.a
LOAD C:/Users/Windows11/.pico-sdk/toolchain/14_2_Rel1/bin/../lib/gcc/arm-none-eabi/14.2.1/thumb/v6-m/nofp\libg.a
LOAD C:/Users/Windows11/.pico-sdk/toolchain/14_2_Rel1/bin/../lib/gcc/arm-none-eabi/14.2.1/thumb/v6-m/nofp\libc.a
END GROUP
START GROUP
LOAD C:/Users/Windows11/.pico-sdk/toolchain/14_2_Rel1/bin/../lib/gcc/arm-none-eabi/14.2.1/thumb/v6-m/nofp\libgcc.a
LOAD C:/Users/Windows11/.pico-sdk/toolchain/14_2_Rel1/bin/../lib/gcc/arm-none-eabi/14.2.1/thumb/v6-m/nofp\libc.a
LOAD C:/Users/Windows11/.pico-sdk/toolchain/14_2_Rel1/bin/../lib/gcc/arm-none-eabi/14.2.1/thumb/v6-m/nofp\libnosys.a
END GROUP
LOAD C:/Users/Windows11/.pico-sdk/toolchain/14_2_Rel1/bin/../lib/gcc/arm-none-eabi/14.2.1/thumb/v6-m/nofp/crtend.o
LOAD C:/Users/Windows11/.pico-sdk/toolchain/14_2_Rel1/bin/../lib/gcc/arm-none-eabi/14.2.1/thumb/v6-m/nofp/crtn.o
OUTPUT(ALSongs.elf elf32-littlearm)
LOAD linker stubs

.ARM.attributes
                0x00000000       0x28
 .ARM.attributes
                0x00000000       0x1e C:/Users/Windows11/.pico-sdk/toolchain/14_2_Rel1/bin/../lib/gcc/arm-none-eabi/14.2.1/thumb/v6-m/nofp/crti.o
 .ARM.attributes
                0x0000001e       0x2c C:/Users/Windows11/.pico-sdk/toolchain/14_2_Rel1/bin/../lib/gcc/arm-none-eabi/14.2.1/thumb/v6-m/nofp/crtbegin.o
 .ARM.attributes
                0x0000004a       0x2c CMakeFiles/ALSongs.dir/ALSongs.c.obj
 .ARM.attributes
                0x00000076       0x2c CMakeFiles/ALSongs.dir/inc/ssd1306_i2c.c.obj
 .ARM.attributes
                0x000000a2       0x2c CMakeFiles/ALSongs.dir/C_/Users/Windows11/.pico-sdk/sdk/2.1.1/src/rp2_common/hardware_gpio/gpio.c.obj
 .ARM.attributes
                0x000000ce       0x2c CMakeFiles/ALSongs.dir/C_/Users/Windows11/.pico-sdk/sdk/2.1.1/src/rp2_common/pico_platform_panic/panic.c.obj
 .ARM.attributes
                0x000000fa       0x2c CMakeFiles/ALSongs.dir/C_/Users/Windows11/.pico-sdk/sdk/2.1.1/src/common/hardware_claim/claim.c.obj
 .ARM.attributes
                0x00000126       0x2c CMakeFiles/ALSongs.dir/C_/Users/Windows11/.pico-sdk/sdk/2.1.1/src/rp2_common/hardware_sync/sync.c.obj
 .ARM.attributes
                0x00000152       0x2c CMakeFiles/ALSongs.dir/C_/Users/Windows11/.pico-sdk/sdk/2.1.1/src/rp2_common/hardware_sync_spin_lock/sync_spin_lock.c.obj
 .ARM.attributes
                0x0000017e       0x2c CMakeFiles/ALSongs.dir/C_/Users/Windows11/.pico-sdk/sdk/2.1.1/src/rp2_common/hardware_irq/irq.c.obj
 .ARM.attributes
                0x000001aa       0x2c CMakeFiles/ALSongs.dir/C_/Users/Windows11/.pico-sdk/sdk/2.1.1/src/common/pico_sync/lock_core.c.obj
 .ARM.attributes
                0x000001d6       0x2c CMakeFiles/ALSongs.dir/C_/Users/Windows11/.pico-sdk/sdk/2.1.1/src/common/pico_sync/mutex.c.obj
 .ARM.attributes
                0x00000202       0x2c CMakeFiles/ALSongs.dir/C_/Users/Windows11/.pico-sdk/sdk/2.1.1/src/common/pico_time/time.c.obj
 .ARM.attributes
                0x0000022e       0x2c CMakeFiles/ALSongs.dir/C_/Users/Windows11/.pico-sdk/sdk/2.1.1/src/rp2_common/hardware_timer/timer.c.obj
 .ARM.attributes
                0x0000025a       0x2c CMakeFiles/ALSongs.dir/C_/Users/Windows11/.pico-sdk/sdk/2.1.1/src/rp2_common/hardware_clocks/clocks.c.obj
 .ARM.attributes
                0x00000286       0x2c CMakeFiles/ALSongs.dir/C_/Users/Windows11/.pico-sdk/sdk/2.1.1/src/rp2_common/hardware_pll/pll.c.obj
 .ARM.attributes
                0x000002b2       0x2c CMakeFiles/ALSongs.dir/C_/Users/Windows11/.pico-sdk/sdk/2.1.1/src/rp2_common/hardware_ticks/ticks.c.obj
 .ARM.attributes
                0x000002de       0x2c CMakeFiles/ALSongs.dir/C_/Users/Windows11/.pico-sdk/sdk/2.1.1/src/rp2_common/pico_bootrom/bootrom.c.obj
 .ARM.attributes
                0x0000030a       0x2c CMakeFiles/ALSongs.dir/C_/Users/Windows11/.pico-sdk/sdk/2.1.1/src/rp2_common/hardware_xosc/xosc.c.obj
 .ARM.attributes
                0x00000336       0x2c CMakeFiles/ALSongs.dir/C_/Users/Windows11/.pico-sdk/sdk/2.1.1/src/rp2_common/pico_runtime/runtime.c.obj
 .ARM.attributes
                0x00000362       0x2c CMakeFiles/ALSongs.dir/C_/Users/Windows11/.pico-sdk/sdk/2.1.1/src/rp2_common/pico_runtime_init/runtime_init.c.obj
 .ARM.attributes
                0x0000038e       0x2c CMakeFiles/ALSongs.dir/C_/Users/Windows11/.pico-sdk/sdk/2.1.1/src/rp2_common/pico_runtime_init/runtime_init_clocks.c.obj
 .ARM.attributes
                0x000003ba       0x22 CMakeFiles/ALSongs.dir/C_/Users/Windows11/.pico-sdk/sdk/2.1.1/src/rp2_common/pico_bit_ops/bit_ops_aeabi.S.obj
 .ARM.attributes
                0x000003dc       0x22 CMakeFiles/ALSongs.dir/C_/Users/Windows11/.pico-sdk/sdk/2.1.1/src/rp2_common/pico_divider/divider_hardware.S.obj
 .ARM.attributes
                0x000003fe       0x22 CMakeFiles/ALSongs.dir/C_/Users/Windows11/.pico-sdk/sdk/2.1.1/src/rp2_common/pico_double/double_aeabi_rp2040.S.obj
 .ARM.attributes
                0x00000420       0x2c CMakeFiles/ALSongs.dir/C_/Users/Windows11/.pico-sdk/sdk/2.1.1/src/rp2_common/pico_double/double_init_rom_rp2040.c.obj
 .ARM.attributes
                0x0000044c       0x22 CMakeFiles/ALSongs.dir/C_/Users/Windows11/.pico-sdk/sdk/2.1.1/src/rp2_common/pico_double/double_v1_rom_shim_rp2040.S.obj
 .ARM.attributes
                0x0000046e       0x22 CMakeFiles/ALSongs.dir/C_/Users/Windows11/.pico-sdk/sdk/2.1.1/src/rp2_common/pico_int64_ops/pico_int64_ops_aeabi.S.obj
 .ARM.attributes
                0x00000490       0x22 CMakeFiles/ALSongs.dir/C_/Users/Windows11/.pico-sdk/sdk/2.1.1/src/rp2_common/pico_float/float_aeabi_rp2040.S.obj
 .ARM.attributes
                0x000004b2       0x2c CMakeFiles/ALSongs.dir/C_/Users/Windows11/.pico-sdk/sdk/2.1.1/src/rp2_common/pico_float/float_init_rom_rp2040.c.obj
 .ARM.attributes
                0x000004de       0x2c CMakeFiles/ALSongs.dir/C_/Users/Windows11/.pico-sdk/sdk/2.1.1/src/rp2_common/pico_malloc/malloc.c.obj
 .ARM.attributes
                0x0000050a       0x22 CMakeFiles/ALSongs.dir/C_/Users/Windows11/.pico-sdk/sdk/2.1.1/src/rp2_common/pico_mem_ops/mem_ops_aeabi.S.obj
 .ARM.attributes
                0x0000052c       0x2c CMakeFiles/ALSongs.dir/C_/Users/Windows11/.pico-sdk/sdk/2.1.1/src/rp2_common/pico_standard_binary_info/standard_binary_info.c.obj
 .ARM.attributes
                0x00000558       0x2c CMakeFiles/ALSongs.dir/C_/Users/Windows11/.pico-sdk/sdk/2.1.1/src/rp2_common/pico_printf/printf.c.obj
 .ARM.attributes
                0x00000584       0x22 CMakeFiles/ALSongs.dir/C_/Users/Windows11/.pico-sdk/sdk/2.1.1/src/rp2_common/pico_crt0/crt0.S.obj
 .ARM.attributes
                0x000005a6       0x2c CMakeFiles/ALSongs.dir/C_/Users/Windows11/.pico-sdk/sdk/2.1.1/src/rp2_common/pico_clib_interface/newlib_interface.c.obj
 .ARM.attributes
                0x000005d2       0x2c CMakeFiles/ALSongs.dir/C_/Users/Windows11/.pico-sdk/sdk/2.1.1/src/rp2_common/pico_stdio/stdio.c.obj
 .ARM.attributes
                0x000005fe       0x2c CMakeFiles/ALSongs.dir/C_/Users/Windows11/.pico-sdk/sdk/2.1.1/src/rp2_common/hardware_pio/pio.c.obj
 .ARM.attributes
                0x0000062a       0x2c CMakeFiles/ALSongs.dir/C_/Users/Windows11/.pico-sdk/sdk/2.1.1/src/rp2_common/hardware_adc/adc.c.obj
 .ARM.attributes
                0x00000656       0x2c CMakeFiles/ALSongs.dir/C_/Users/Windows11/.pico-sdk/sdk/2.1.1/src/rp2_common/hardware_i2c/i2c.c.obj
 .ARM.attributes
                0x00000682       0x22 pico-sdk/src/rp2040/boot_stage2/CMakeFiles/bs2_default_library.dir/./bs2_default_padded_checksummed.S.obj
 .ARM.attributes
                0x000006a4       0x1e C:/Users/Windows11/.pico-sdk/toolchain/14_2_Rel1/bin/../lib/gcc/arm-none-eabi/14.2.1/thumb/v6-m/nofp\libgcc.a(_dvmd_tls.o)
 .ARM.attributes
                0x000006c2       0x2c C:/Users/Windows11/.pico-sdk/toolchain/14_2_Rel1/bin/../lib/gcc/arm-none-eabi/14.2.1/thumb/v6-m/nofp\libg.a(libc_a-malloc.o)
 .ARM.attributes
                0x000006ee       0x2c C:/Users/Windows11/.pico-sdk/toolchain/14_2_Rel1/bin/../lib/gcc/arm-none-eabi/14.2.1/thumb/v6-m/nofp\libg.a(libc_a-mallocr.o)
 .ARM.attributes
                0x0000071a       0x2c C:/Users/Windows11/.pico-sdk/toolchain/14_2_Rel1/bin/../lib/gcc/arm-none-eabi/14.2.1/thumb/v6-m/nofp\libg.a(libc_a-mlock.o)
 .ARM.attributes
                0x00000746       0x2c C:/Users/Windows11/.pico-sdk/toolchain/14_2_Rel1/bin/../lib/gcc/arm-none-eabi/14.2.1/thumb/v6-m/nofp\libg.a(libc_a-ctype_.o)
 .ARM.attributes
                0x00000772       0x2c C:/Users/Windows11/.pico-sdk/toolchain/14_2_Rel1/bin/../lib/gcc/arm-none-eabi/14.2.1/thumb/v6-m/nofp\libg.a(libc_a-strdup.o)
 .ARM.attributes
                0x0000079e       0x2c C:/Users/Windows11/.pico-sdk/toolchain/14_2_Rel1/bin/../lib/gcc/arm-none-eabi/14.2.1/thumb/v6-m/nofp\libg.a(libc_a-strdup_r.o)
 .ARM.attributes
                0x000007ca       0x2c C:/Users/Windows11/.pico-sdk/toolchain/14_2_Rel1/bin/../lib/gcc/arm-none-eabi/14.2.1/thumb/v6-m/nofp\libg.a(libc_a-stpcpy.o)
 .ARM.attributes
                0x000007f6       0x2c C:/Users/Windows11/.pico-sdk/toolchain/14_2_Rel1/bin/../lib/gcc/arm-none-eabi/14.2.1/thumb/v6-m/nofp\libg.a(libc_a-impure.o)
 .ARM.attributes
                0x00000822       0x2c C:/Users/Windows11/.pico-sdk/toolchain/14_2_Rel1/bin/../lib/gcc/arm-none-eabi/14.2.1/thumb/v6-m/nofp\libg.a(libc_a-sbrkr.o)
 .ARM.attributes
                0x0000084e       0x2c C:/Users/Windows11/.pico-sdk/toolchain/14_2_Rel1/bin/../lib/gcc/arm-none-eabi/14.2.1/thumb/v6-m/nofp\libg.a(libc_a-errno.o)
 .ARM.attributes
                0x0000087a       0x2c C:/Users/Windows11/.pico-sdk/toolchain/14_2_Rel1/bin/../lib/gcc/arm-none-eabi/14.2.1/thumb/v6-m/nofp\libg.a(libc_a-lock.o)
 .ARM.attributes
                0x000008a6       0x2c C:/Users/Windows11/.pico-sdk/toolchain/14_2_Rel1/bin/../lib/gcc/arm-none-eabi/14.2.1/thumb/v6-m/nofp\libg.a(libc_a-sysconf.o)
 .ARM.attributes
                0x000008d2       0x1b C:/Users/Windows11/.pico-sdk/toolchain/14_2_Rel1/bin/../lib/gcc/arm-none-eabi/14.2.1/thumb/v6-m/nofp\libg.a(libc_a-strcmp.o)
 .ARM.attributes
                0x000008ed       0x2c C:/Users/Windows11/.pico-sdk/toolchain/14_2_Rel1/bin/../lib/gcc/arm-none-eabi/14.2.1/thumb/v6-m/nofp\libg.a(libc_a-strlen-stub.o)
 .ARM.attributes
                0x00000919       0x2c C:/Users/Windows11/.pico-sdk/toolchain/14_2_Rel1/bin/../lib/gcc/arm-none-eabi/14.2.1/thumb/v6-m/nofp\libg.a(libc_a-freer.o)
 .ARM.attributes
                0x00000945       0x2c C:/Users/Windows11/.pico-sdk/toolchain/14_2_Rel1/bin/../lib/gcc/arm-none-eabi/14.2.1/thumb/v6-m/nofp\libg.a(libc_a-findfp.o)
 .ARM.attributes
                0x00000971       0x2c C:/Users/Windows11/.pico-sdk/toolchain/14_2_Rel1/bin/../lib/gcc/arm-none-eabi/14.2.1/thumb/v6-m/nofp\libg.a(libc_a-reent.o)
 .ARM.attributes
                0x0000099d       0x2c C:/Users/Windows11/.pico-sdk/toolchain/14_2_Rel1/bin/../lib/gcc/arm-none-eabi/14.2.1/thumb/v6-m/nofp/crtend.o

.comment        0x00000000       0x45
 .comment       0x00000000       0x45 CMakeFiles/ALSongs.dir/ALSongs.c.obj
                                 0x46 (size before relaxing)
 .comment       0x00000045       0x46 CMakeFiles/ALSongs.dir/inc/ssd1306_i2c.c.obj
 .comment       0x00000045       0x46 CMakeFiles/ALSongs.dir/C_/Users/Windows11/.pico-sdk/sdk/2.1.1/src/rp2_common/hardware_gpio/gpio.c.obj
 .comment       0x00000045       0x46 CMakeFiles/ALSongs.dir/C_/Users/Windows11/.pico-sdk/sdk/2.1.1/src/rp2_common/pico_platform_panic/panic.c.obj
 .comment       0x00000045       0x46 CMakeFiles/ALSongs.dir/C_/Users/Windows11/.pico-sdk/sdk/2.1.1/src/common/hardware_claim/claim.c.obj
 .comment       0x00000045       0x46 CMakeFiles/ALSongs.dir/C_/Users/Windows11/.pico-sdk/sdk/2.1.1/src/rp2_common/hardware_sync/sync.c.obj
 .comment       0x00000045       0x46 CMakeFiles/ALSongs.dir/C_/Users/Windows11/.pico-sdk/sdk/2.1.1/src/rp2_common/hardware_sync_spin_lock/sync_spin_lock.c.obj
 .comment       0x00000045       0x46 CMakeFiles/ALSongs.dir/C_/Users/Windows11/.pico-sdk/sdk/2.1.1/src/rp2_common/hardware_irq/irq.c.obj
 .comment       0x00000045       0x46 CMakeFiles/ALSongs.dir/C_/Users/Windows11/.pico-sdk/sdk/2.1.1/src/common/pico_sync/lock_core.c.obj
 .comment       0x00000045       0x46 CMakeFiles/ALSongs.dir/C_/Users/Windows11/.pico-sdk/sdk/2.1.1/src/common/pico_sync/mutex.c.obj
 .comment       0x00000045       0x46 CMakeFiles/ALSongs.dir/C_/Users/Windows11/.pico-sdk/sdk/2.1.1/src/common/pico_time/time.c.obj
 .comment       0x00000045       0x46 CMakeFiles/ALSongs.dir/C_/Users/Windows11/.pico-sdk/sdk/2.1.1/src/rp2_common/hardware_timer/timer.c.obj
 .comment       0x00000045       0x46 CMakeFiles/ALSongs.dir/C_/Users/Windows11/.pico-sdk/sdk/2.1.1/src/rp2_common/hardware_clocks/clocks.c.obj
 .comment       0x00000045       0x46 CMakeFiles/ALSongs.dir/C_/Users/Windows11/.pico-sdk/sdk/2.1.1/src/rp2_common/hardware_pll/pll.c.obj
 .comment       0x00000045       0x46 CMakeFiles/ALSongs.dir/C_/Users/Windows11/.pico-sdk/sdk/2.1.1/src/rp2_common/hardware_ticks/ticks.c.obj
 .comment       0x00000045       0x46 CMakeFiles/ALSongs.dir/C_/Users/Windows11/.pico-sdk/sdk/2.1.1/src/rp2_common/pico_bootrom/bootrom.c.obj
 .comment       0x00000045       0x46 CMakeFiles/ALSongs.dir/C_/Users/Windows11/.pico-sdk/sdk/2.1.1/src/rp2_common/hardware_xosc/xosc.c.obj
 .comment       0x00000045       0x46 CMakeFiles/ALSongs.dir/C_/Users/Windows11/.pico-sdk/sdk/2.1.1/src/rp2_common/pico_runtime/runtime.c.obj
 .comment       0x00000045       0x46 CMakeFiles/ALSongs.dir/C_/Users/Windows11/.pico-sdk/sdk/2.1.1/src/rp2_common/pico_runtime_init/runtime_init.c.obj
 .comment       0x00000045       0x46 CMakeFiles/ALSongs.dir/C_/Users/Windows11/.pico-sdk/sdk/2.1.1/src/rp2_common/pico_runtime_init/runtime_init_clocks.c.obj
 .comment       0x00000045       0x46 CMakeFiles/ALSongs.dir/C_/Users/Windows11/.pico-sdk/sdk/2.1.1/src/rp2_common/pico_double/double_init_rom_rp2040.c.obj
 .comment       0x00000045       0x46 CMakeFiles/ALSongs.dir/C_/Users/Windows11/.pico-sdk/sdk/2.1.1/src/rp2_common/pico_float/float_init_rom_rp2040.c.obj
 .comment       0x00000045       0x46 CMakeFiles/ALSongs.dir/C_/Users/Windows11/.pico-sdk/sdk/2.1.1/src/rp2_common/pico_malloc/malloc.c.obj
 .comment       0x00000045       0x46 CMakeFiles/ALSongs.dir/C_/Users/Windows11/.pico-sdk/sdk/2.1.1/src/rp2_common/pico_standard_binary_info/standard_binary_info.c.obj
 .comment       0x00000045       0x46 CMakeFiles/ALSongs.dir/C_/Users/Windows11/.pico-sdk/sdk/2.1.1/src/rp2_common/pico_printf/printf.c.obj
 .comment       0x00000045       0x46 CMakeFiles/ALSongs.dir/C_/Users/Windows11/.pico-sdk/sdk/2.1.1/src/rp2_common/pico_clib_interface/newlib_interface.c.obj
 .comment       0x00000045       0x46 CMakeFiles/ALSongs.dir/C_/Users/Windows11/.pico-sdk/sdk/2.1.1/src/rp2_common/pico_stdio/stdio.c.obj
 .comment       0x00000045       0x46 CMakeFiles/ALSongs.dir/C_/Users/Windows11/.pico-sdk/sdk/2.1.1/src/rp2_common/hardware_pio/pio.c.obj
 .comment       0x00000045       0x46 CMakeFiles/ALSongs.dir/C_/Users/Windows11/.pico-sdk/sdk/2.1.1/src/rp2_common/hardware_adc/adc.c.obj
 .comment       0x00000045       0x46 CMakeFiles/ALSongs.dir/C_/Users/Windows11/.pico-sdk/sdk/2.1.1/src/rp2_common/hardware_i2c/i2c.c.obj

.debug_info     0x00000000    0x25095
 .debug_info    0x00000000     0x4182 CMakeFiles/ALSongs.dir/ALSongs.c.obj
 .debug_info    0x00004182     0x1f23 CMakeFiles/ALSongs.dir/inc/ssd1306_i2c.c.obj
 .debug_info    0x000060a5     0x242d CMakeFiles/ALSongs.dir/C_/Users/Windows11/.pico-sdk/sdk/2.1.1/src/rp2_common/hardware_gpio/gpio.c.obj
 .debug_info    0x000084d2      0x1bf CMakeFiles/ALSongs.dir/C_/Users/Windows11/.pico-sdk/sdk/2.1.1/src/rp2_common/pico_platform_panic/panic.c.obj
 .debug_info    0x00008691      0x9a1 CMakeFiles/ALSongs.dir/C_/Users/Windows11/.pico-sdk/sdk/2.1.1/src/common/hardware_claim/claim.c.obj
 .debug_info    0x00009032      0x45c CMakeFiles/ALSongs.dir/C_/Users/Windows11/.pico-sdk/sdk/2.1.1/src/rp2_common/hardware_sync/sync.c.obj
 .debug_info    0x0000948e      0x245 CMakeFiles/ALSongs.dir/C_/Users/Windows11/.pico-sdk/sdk/2.1.1/src/rp2_common/hardware_sync_spin_lock/sync_spin_lock.c.obj
 .debug_info    0x000096d3     0x220f CMakeFiles/ALSongs.dir/C_/Users/Windows11/.pico-sdk/sdk/2.1.1/src/rp2_common/hardware_irq/irq.c.obj
 .debug_info    0x0000b8e2      0x15f CMakeFiles/ALSongs.dir/C_/Users/Windows11/.pico-sdk/sdk/2.1.1/src/common/pico_sync/lock_core.c.obj
 .debug_info    0x0000ba41     0x27f1 CMakeFiles/ALSongs.dir/C_/Users/Windows11/.pico-sdk/sdk/2.1.1/src/common/pico_sync/mutex.c.obj
 .debug_info    0x0000e232     0x5036 CMakeFiles/ALSongs.dir/C_/Users/Windows11/.pico-sdk/sdk/2.1.1/src/common/pico_time/time.c.obj
 .debug_info    0x00013268     0x2b13 CMakeFiles/ALSongs.dir/C_/Users/Windows11/.pico-sdk/sdk/2.1.1/src/rp2_common/hardware_timer/timer.c.obj
 .debug_info    0x00015d7b     0x2991 CMakeFiles/ALSongs.dir/C_/Users/Windows11/.pico-sdk/sdk/2.1.1/src/rp2_common/hardware_clocks/clocks.c.obj
 .debug_info    0x0001870c      0x4e5 CMakeFiles/ALSongs.dir/C_/Users/Windows11/.pico-sdk/sdk/2.1.1/src/rp2_common/hardware_pll/pll.c.obj
 .debug_info    0x00018bf1      0x248 CMakeFiles/ALSongs.dir/C_/Users/Windows11/.pico-sdk/sdk/2.1.1/src/rp2_common/hardware_ticks/ticks.c.obj
 .debug_info    0x00018e39      0x678 CMakeFiles/ALSongs.dir/C_/Users/Windows11/.pico-sdk/sdk/2.1.1/src/rp2_common/pico_bootrom/bootrom.c.obj
 .debug_info    0x000194b1      0x1d0 CMakeFiles/ALSongs.dir/C_/Users/Windows11/.pico-sdk/sdk/2.1.1/src/rp2_common/hardware_xosc/xosc.c.obj
 .debug_info    0x00019681      0x21a CMakeFiles/ALSongs.dir/C_/Users/Windows11/.pico-sdk/sdk/2.1.1/src/rp2_common/pico_runtime/runtime.c.obj
 .debug_info    0x0001989b      0x795 CMakeFiles/ALSongs.dir/C_/Users/Windows11/.pico-sdk/sdk/2.1.1/src/rp2_common/pico_runtime_init/runtime_init.c.obj
 .debug_info    0x0001a030      0x781 CMakeFiles/ALSongs.dir/C_/Users/Windows11/.pico-sdk/sdk/2.1.1/src/rp2_common/pico_runtime_init/runtime_init_clocks.c.obj
 .debug_info    0x0001a7b1       0x23 CMakeFiles/ALSongs.dir/C_/Users/Windows11/.pico-sdk/sdk/2.1.1/src/rp2_common/pico_bit_ops/bit_ops_aeabi.S.obj
 .debug_info    0x0001a7d4       0x23 CMakeFiles/ALSongs.dir/C_/Users/Windows11/.pico-sdk/sdk/2.1.1/src/rp2_common/pico_divider/divider_hardware.S.obj
 .debug_info    0x0001a7f7       0x23 CMakeFiles/ALSongs.dir/C_/Users/Windows11/.pico-sdk/sdk/2.1.1/src/rp2_common/pico_double/double_aeabi_rp2040.S.obj
 .debug_info    0x0001a81a      0x2c4 CMakeFiles/ALSongs.dir/C_/Users/Windows11/.pico-sdk/sdk/2.1.1/src/rp2_common/pico_double/double_init_rom_rp2040.c.obj
 .debug_info    0x0001aade       0x24 CMakeFiles/ALSongs.dir/C_/Users/Windows11/.pico-sdk/sdk/2.1.1/src/rp2_common/pico_double/double_v1_rom_shim_rp2040.S.obj
 .debug_info    0x0001ab02       0x24 CMakeFiles/ALSongs.dir/C_/Users/Windows11/.pico-sdk/sdk/2.1.1/src/rp2_common/pico_int64_ops/pico_int64_ops_aeabi.S.obj
 .debug_info    0x0001ab26       0x23 CMakeFiles/ALSongs.dir/C_/Users/Windows11/.pico-sdk/sdk/2.1.1/src/rp2_common/pico_float/float_aeabi_rp2040.S.obj
 .debug_info    0x0001ab49      0x2b0 CMakeFiles/ALSongs.dir/C_/Users/Windows11/.pico-sdk/sdk/2.1.1/src/rp2_common/pico_float/float_init_rom_rp2040.c.obj
 .debug_info    0x0001adf9      0x3e4 CMakeFiles/ALSongs.dir/C_/Users/Windows11/.pico-sdk/sdk/2.1.1/src/rp2_common/pico_malloc/malloc.c.obj
 .debug_info    0x0001b1dd       0x23 CMakeFiles/ALSongs.dir/C_/Users/Windows11/.pico-sdk/sdk/2.1.1/src/rp2_common/pico_mem_ops/mem_ops_aeabi.S.obj
 .debug_info    0x0001b200      0x2e2 CMakeFiles/ALSongs.dir/C_/Users/Windows11/.pico-sdk/sdk/2.1.1/src/rp2_common/pico_standard_binary_info/standard_binary_info.c.obj
 .debug_info    0x0001b4e2     0x22f2 CMakeFiles/ALSongs.dir/C_/Users/Windows11/.pico-sdk/sdk/2.1.1/src/rp2_common/pico_printf/printf.c.obj
 .debug_info    0x0001d7d4       0x23 CMakeFiles/ALSongs.dir/C_/Users/Windows11/.pico-sdk/sdk/2.1.1/src/rp2_common/pico_crt0/crt0.S.obj
 .debug_info    0x0001d7f7      0xb54 CMakeFiles/ALSongs.dir/C_/Users/Windows11/.pico-sdk/sdk/2.1.1/src/rp2_common/pico_clib_interface/newlib_interface.c.obj
 .debug_info    0x0001e34b     0x1c1e CMakeFiles/ALSongs.dir/C_/Users/Windows11/.pico-sdk/sdk/2.1.1/src/rp2_common/pico_stdio/stdio.c.obj
 .debug_info    0x0001ff69     0x305c CMakeFiles/ALSongs.dir/C_/Users/Windows11/.pico-sdk/sdk/2.1.1/src/rp2_common/hardware_pio/pio.c.obj
 .debug_info    0x00022fc5      0x3fc CMakeFiles/ALSongs.dir/C_/Users/Windows11/.pico-sdk/sdk/2.1.1/src/rp2_common/hardware_adc/adc.c.obj
 .debug_info    0x000233c1     0x1cd4 CMakeFiles/ALSongs.dir/C_/Users/Windows11/.pico-sdk/sdk/2.1.1/src/rp2_common/hardware_i2c/i2c.c.obj

.debug_abbrev   0x00000000     0x5fec
 .debug_abbrev  0x00000000      0x6f2 CMakeFiles/ALSongs.dir/ALSongs.c.obj
 .debug_abbrev  0x000006f2      0x410 CMakeFiles/ALSongs.dir/inc/ssd1306_i2c.c.obj
 .debug_abbrev  0x00000b02      0x50e CMakeFiles/ALSongs.dir/C_/Users/Windows11/.pico-sdk/sdk/2.1.1/src/rp2_common/hardware_gpio/gpio.c.obj
 .debug_abbrev  0x00001010      0x12b CMakeFiles/ALSongs.dir/C_/Users/Windows11/.pico-sdk/sdk/2.1.1/src/rp2_common/pico_platform_panic/panic.c.obj
 .debug_abbrev  0x0000113b      0x328 CMakeFiles/ALSongs.dir/C_/Users/Windows11/.pico-sdk/sdk/2.1.1/src/common/hardware_claim/claim.c.obj
 .debug_abbrev  0x00001463      0x20f CMakeFiles/ALSongs.dir/C_/Users/Windows11/.pico-sdk/sdk/2.1.1/src/rp2_common/hardware_sync/sync.c.obj
 .debug_abbrev  0x00001672      0x1bb CMakeFiles/ALSongs.dir/C_/Users/Windows11/.pico-sdk/sdk/2.1.1/src/rp2_common/hardware_sync_spin_lock/sync_spin_lock.c.obj
 .debug_abbrev  0x0000182d      0x614 CMakeFiles/ALSongs.dir/C_/Users/Windows11/.pico-sdk/sdk/2.1.1/src/rp2_common/hardware_irq/irq.c.obj
 .debug_abbrev  0x00001e41       0xee CMakeFiles/ALSongs.dir/C_/Users/Windows11/.pico-sdk/sdk/2.1.1/src/common/pico_sync/lock_core.c.obj
 .debug_abbrev  0x00001f2f      0x48c CMakeFiles/ALSongs.dir/C_/Users/Windows11/.pico-sdk/sdk/2.1.1/src/common/pico_sync/mutex.c.obj
 .debug_abbrev  0x000023bb      0x659 CMakeFiles/ALSongs.dir/C_/Users/Windows11/.pico-sdk/sdk/2.1.1/src/common/pico_time/time.c.obj
 .debug_abbrev  0x00002a14      0x4f2 CMakeFiles/ALSongs.dir/C_/Users/Windows11/.pico-sdk/sdk/2.1.1/src/rp2_common/hardware_timer/timer.c.obj
 .debug_abbrev  0x00002f06      0x4eb CMakeFiles/ALSongs.dir/C_/Users/Windows11/.pico-sdk/sdk/2.1.1/src/rp2_common/hardware_clocks/clocks.c.obj
 .debug_abbrev  0x000033f1      0x1d2 CMakeFiles/ALSongs.dir/C_/Users/Windows11/.pico-sdk/sdk/2.1.1/src/rp2_common/hardware_pll/pll.c.obj
 .debug_abbrev  0x000035c3      0x145 CMakeFiles/ALSongs.dir/C_/Users/Windows11/.pico-sdk/sdk/2.1.1/src/rp2_common/hardware_ticks/ticks.c.obj
 .debug_abbrev  0x00003708      0x1bc CMakeFiles/ALSongs.dir/C_/Users/Windows11/.pico-sdk/sdk/2.1.1/src/rp2_common/pico_bootrom/bootrom.c.obj
 .debug_abbrev  0x000038c4      0x11d CMakeFiles/ALSongs.dir/C_/Users/Windows11/.pico-sdk/sdk/2.1.1/src/rp2_common/hardware_xosc/xosc.c.obj
 .debug_abbrev  0x000039e1      0x182 CMakeFiles/ALSongs.dir/C_/Users/Windows11/.pico-sdk/sdk/2.1.1/src/rp2_common/pico_runtime/runtime.c.obj
 .debug_abbrev  0x00003b63      0x222 CMakeFiles/ALSongs.dir/C_/Users/Windows11/.pico-sdk/sdk/2.1.1/src/rp2_common/pico_runtime_init/runtime_init.c.obj